Component: Arm Compiler for Embedded 6.19 Tool: armlink [5e73cb00]

==============================================================================

Section Cross References

    board.o(.text.initClk) refers to fpu.o(i.FPUEnable) for FPUEnable
    board.o(.text.initClk) refers to fpu.o(i.FPULazyStackingEnable) for FPULazyStackingEnable
    board.o(.text.initClk) refers to sysctl.o(i.SysCtlClockSet) for SysCtlClockSet
    board.o(.ARM.exidx.text.initClk) refers to board.o(.text.initClk) for [Anonymous Symbol]
    board.o(.ARM.exidx.text.stopWDT) refers to board.o(.text.stopWDT) for [Anonymous Symbol]
    board.o(.text.registerInterruptHandler) refers to board.o(.bss.pIrqEventHandler) for pIrqEventHandler
    board.o(.ARM.exidx.text.registerInterruptHandler) refers to board.o(.text.registerInterruptHandler) for [Anonymous Symbol]
    board.o(.text.CC3100_disable) refers to gpio.o(i.GPIOPinWrite) for GPIOPinWrite
    board.o(.ARM.exidx.text.CC3100_disable) refers to board.o(.text.CC3100_disable) for [Anonymous Symbol]
    board.o(.text.CC3100_enable) refers to gpio.o(i.GPIOPinWrite) for GPIOPinWrite
    board.o(.ARM.exidx.text.CC3100_enable) refers to board.o(.text.CC3100_enable) for [Anonymous Symbol]
    board.o(.text.CC3100_InterruptEnable) refers to gpio.o(i.GPIOIntEnable) for GPIOIntEnable
    board.o(.ARM.exidx.text.CC3100_InterruptEnable) refers to board.o(.text.CC3100_InterruptEnable) for [Anonymous Symbol]
    board.o(.text.CC3100_InterruptDisable) refers to gpio.o(i.GPIOIntDisable) for GPIOIntDisable
    board.o(.ARM.exidx.text.CC3100_InterruptDisable) refers to board.o(.text.CC3100_InterruptDisable) for [Anonymous Symbol]
    board.o(.text.MaskIntHdlr) refers to board.o(.bss.IntIsMasked) for IntIsMasked
    board.o(.ARM.exidx.text.MaskIntHdlr) refers to board.o(.text.MaskIntHdlr) for [Anonymous Symbol]
    board.o(.text.UnMaskIntHdlr) refers to board.o(.bss.IntIsMasked) for IntIsMasked
    board.o(.ARM.exidx.text.UnMaskIntHdlr) refers to board.o(.text.UnMaskIntHdlr) for [Anonymous Symbol]
    board.o(.text.Delay) refers to sysctl.o(i.SysCtlClockGet) for SysCtlClockGet
    board.o(.text.Delay) refers to sysctl.o(.emb_text) for SysCtlDelay
    board.o(.ARM.exidx.text.Delay) refers to board.o(.text.Delay) for [Anonymous Symbol]
    board.o(.text.GPIOB_intHandler) refers to gpio.o(i.GPIOIntStatus) for GPIOIntStatus
    board.o(.text.GPIOB_intHandler) refers to gpio.o(i.GPIOIntClear) for GPIOIntClear
    board.o(.text.GPIOB_intHandler) refers to board.o(.bss.pIrqEventHandler) for pIrqEventHandler
    board.o(.ARM.exidx.text.GPIOB_intHandler) refers to board.o(.text.GPIOB_intHandler) for [Anonymous Symbol]
    board.o(.text.UART1_intHandler) refers to uart.o(i.UARTIntStatus) for UARTIntStatus
    board.o(.text.UART1_intHandler) refers to uart.o(i.UARTIntClear) for UARTIntClear
    board.o(.ARM.exidx.text.UART1_intHandler) refers to board.o(.text.UART1_intHandler) for [Anonymous Symbol]
    nokia5110.o(.text.Nokia5110_Init) refers to nokia5110.o(.text.lcdwrite) for lcdwrite
    nokia5110.o(.ARM.exidx.text.Nokia5110_Init) refers to nokia5110.o(.text.Nokia5110_Init) for [Anonymous Symbol]
    nokia5110.o(.ARM.exidx.text.lcdwrite) refers to nokia5110.o(.text.lcdwrite) for [Anonymous Symbol]
    nokia5110.o(.text.Nokia5110_OutChar) refers to nokia5110.o(.text.lcdwrite) for lcdwrite
    nokia5110.o(.text.Nokia5110_OutChar) refers to nokia5110.o(.text.Nokia5110_SetCursor) for Nokia5110_SetCursor
    nokia5110.o(.text.Nokia5110_OutChar) refers to nokia5110.o(.bss..L_MergedGlobals) for [Anonymous Symbol]
    nokia5110.o(.text.Nokia5110_OutChar) refers to nokia5110.o(.rodata.ASCII) for [Anonymous Symbol]
    nokia5110.o(.ARM.exidx.text.Nokia5110_OutChar) refers to nokia5110.o(.text.Nokia5110_OutChar) for [Anonymous Symbol]
    nokia5110.o(.text.Nokia5110_SetCursor) refers to nokia5110.o(.text.lcdwrite) for lcdwrite
    nokia5110.o(.text.Nokia5110_SetCursor) refers to nokia5110.o(.bss..L_MergedGlobals) for [Anonymous Symbol]
    nokia5110.o(.ARM.exidx.text.Nokia5110_SetCursor) refers to nokia5110.o(.text.Nokia5110_SetCursor) for [Anonymous Symbol]
    nokia5110.o(.text.Nokia5110_OutString) refers to nokia5110.o(.text.Nokia5110_OutChar) for Nokia5110_OutChar
    nokia5110.o(.ARM.exidx.text.Nokia5110_OutString) refers to nokia5110.o(.text.Nokia5110_OutString) for [Anonymous Symbol]
    nokia5110.o(.text.Nokia5110_OutUDec) refers to nokia5110.o(.text.Nokia5110_OutString) for Nokia5110_OutString
    nokia5110.o(.text.Nokia5110_OutUDec) refers to nokia5110.o(.text.Nokia5110_OutChar) for Nokia5110_OutChar
    nokia5110.o(.ARM.exidx.text.Nokia5110_OutUDec) refers to nokia5110.o(.text.Nokia5110_OutUDec) for [Anonymous Symbol]
    nokia5110.o(.text.Nokia5110_Clear) refers to nokia5110.o(.text.lcdwrite) for lcdwrite
    nokia5110.o(.text.Nokia5110_Clear) refers to nokia5110.o(.text.Nokia5110_SetCursor) for Nokia5110_SetCursor
[...]
    [Anonymous Symbol]                       0x00000e10   Section        0  uartstdio.o(.text.UARTPrimeTransmit)
    __arm_cp.4_3                             0x00000e74   Number         4  uartstdio.o(.text.UARTPrimeTransmit)
    [Anonymous Symbol]                       0x00000e78   Section        0  uartstdio.o(.text.UARTStdioConfig)
    g_ui32UARTPeriph                         0x00000f10   Number         0  uartstdio.o(.text.UARTStdioConfig)
    __arm_cp.0_1                             0x00000f1c   Number         4  uartstdio.o(.text.UARTStdioConfig)
    g_ui32UARTBase                           0x00000f20   Number         0  uartstdio.o(.text.UARTStdioConfig)
    __arm_cp.0_4                             0x00000f2c   Number         4  uartstdio.o(.text.UARTStdioConfig)
    [Anonymous Symbol]                       0x00000f30   Section        0  uartstdio.o(.text.UARTStdioIntHandler)
    __arm_cp.14_0                            0x00001044   Number         4  uartstdio.o(.text.UARTStdioIntHandler)
    __arm_cp.14_1                            0x00001048   Number         4  uartstdio.o(.text.UARTStdioIntHandler)
    [Anonymous Symbol]                       0x00001054   Section        0  uartstdio.o(.text.UARTgets)
    __arm_cp.6_0                             0x000010a4   Number         4  uartstdio.o(.text.UARTgets)
    __arm_cp.6_1                             0x000010a8   Number         4  uartstdio.o(.text.UARTgets)
    __arm_cp.6_2                             0x000010ac   Number         4  uartstdio.o(.text.UARTgets)
    [Anonymous Symbol]                       0x000010b0   Section        0  mainnokia5110.o(.text.UARToutString)
    [Anonymous Symbol]                       0x000010ee   Section        0  uartstdio.o(.text.UARTprintf)
    [Anonymous Symbol]                       0x00001108   Section        0  uartstdio.o(.text.UARTvprintf)
    [Anonymous Symbol]                       0x000012d8   Section        0  uartstdio.o(.text.UARTwrite)
    __arm_cp.3_0                             0x0000133c   Number         4  uartstdio.o(.text.UARTwrite)
    __arm_cp.3_1                             0x00001340   Number         4  uartstdio.o(.text.UARTwrite)
    __arm_cp.3_2                             0x00001344   Number         4  uartstdio.o(.text.UARTwrite)
    [Anonymous Symbol]                       0x00001348   Section        0  mainnokia5110.o(.text.WlanConnect)
    __arm_cp.17_2                            0x00001398   Number         4  mainnokia5110.o(.text.WlanConnect)
    [Anonymous Symbol]                       0x0000139c   Section        0  driver.o(.text._SlAsyncEventGenericHandler)
    [Anonymous Symbol]                       0x000015d0   Section        0  driver.o(.text._SlDrvBasicCmd)
    [Anonymous Symbol]                       0x000015f4   Section        0  driver.o(.text._SlDrvClassifyRxMsg)
    __arm_cp.16_1                            0x00001668   Number         4  driver.o(.text._SlDrvClassifyRxMsg)
    __arm_cp.16_2                            0x0000166c   Number         4  driver.o(.text._SlDrvClassifyRxMsg)
    __arm_cp.16_3                            0x00001670   Number         4  driver.o(.text._SlDrvClassifyRxMsg)
    __arm_cp.16_4                            0x00001674   Number         4  driver.o(.text._SlDrvClassifyRxMsg)
    [Anonymous Symbol]                       0x00001678   Section        0  driver.o(.text._SlDrvCmdOp)
    [Anonymous Symbol]                       0x000016b0   Section        0  driver.o(.text._SlDrvCmdSend)
    __arm_cp.9_0                             0x000016cc   Number         4  driver.o(.text._SlDrvCmdSend)
    [Anonymous Symbol]                       0x000016d0   Section        0  driver.o(.text._SlDrvDataReadOp)
    __arm_cp.10_0                            0x000017d8   Number         4  driver.o(.text._SlDrvDataReadOp)
    [Anonymous Symbol]                       0x000017dc   Section        0  driver.o(.text._SlDrvDataWriteOp)
    [Anonymous Symbol]                       0x000018c4   Section        0  device.o(.text._SlDrvDeviceEventHandler)
    [Anonymous Symbol]                       0x000018e0   Section        0  driver.o(.text._SlDrvDriverCBDeinit)
    [Anonymous Symbol]                       0x00001940   Section        0  driver.o(.text._SlDrvDriverCBInit)
    __arm_cp.0_1                             0x000019b4   Number         4  driver.o(.text._SlDrvDriverCBInit)
    [Anonymous Symbol]                       0x000019b8   Section        0  flowcont.o(.text._SlDrvFlowContDeinit)
    [Anonymous Symbol]                       0x000019e0   Section        0  flowcont.o(.text._SlDrvFlowContInit)
    __arm_cp.0_0                             0x00001a08   Number         4  flowcont.o(.text._SlDrvFlowContInit)
    [Anonymous Symbol]                       0x00001a0c   Section        0  driver.o(.text._SlDrvMsgRead)
    __arm_cp.14_0                            0x00001d10   Number         4  driver.o(.text._SlDrvMsgRead)
    __arm_cp.14_1                            0x00001d14   Number         4  driver.o(.text._SlDrvMsgRead)
    [Anonymous Symbol]                       0x00001d18   Section        0  driver.o(.text._SlDrvMsgReadCmdCtx)
    __arm_cp.8_0                             0x00001da8   Number         4  driver.o(.text._SlDrvMsgReadCmdCtx)
    __arm_cp.8_1                             0x00001dac   Number         4  driver.o(.text._SlDrvMsgReadCmdCtx)
    [Anonymous Symbol]                       0x00001db0   Section        0  driver.o(.text._SlDrvMsgReadSpawnCtx)
    __arm_cp.5_0                             0x00001e28   Number         4  driver.o(.text._SlDrvMsgReadSpawnCtx)
    [Anonymous Symbol]                       0x00001e2c   Section        0  driver.o(.text._SlDrvMsgWrite)
    __arm_cp.7_1                             0x00001efc   Number         4  driver.o(.text._SlDrvMsgWrite)
    [Anonymous Symbol]                       0x00001f00   Section        0  netapp.o(.text._SlDrvNetAppEventHandler)
    [Anonymous Symbol]                       0x00001fd0   Section        0  driver.o(.text._SlDrvObjInit)
    [Anonymous Symbol]                       0x00002004   Section        0  driver.o(.text._SlDrvReleasePoolObj)
    __arm_cp.12_0                            0x000020e0   Number         4  driver.o(.text._SlDrvReleasePoolObj)
    [Anonymous Symbol]                       0x000020e4   Section        0  driver.o(.text._SlDrvRxHdrRead)
    __arm_cp.15_0                            0x000021f8   Number         4  driver.o(.text._SlDrvRxHdrRead)
    __arm_cp.15_1                            0x000021fc   Number         4  driver.o(.text._SlDrvRxHdrRead)
    __arm_cp.15_2                            0x00002200   Number         4  driver.o(.text._SlDrvRxHdrRead)
    __arm_cp.15_3                            0x00002204   Number         4  driver.o(.text._SlDrvRxHdrRead)
    [Anonymous Symbol]                       0x00002208   Section        0  driver.o(.text._SlDrvRxIrqHandler)
    __arm_cp.4_1                             0x0000223c   Number         4  driver.o(.text._SlDrvRxIrqHandler)
    [Anonymous Symbol]                       0x00002240   Section        0  driver.o(.text._SlDrvShiftDWord)
    [Anonymous Symbol]                       0x00002258   Section        0  driver.o(.text._SlDrvWaitForPoolObj)
    [Anonymous Symbol]                       0x00002334   Section        0  driver.o(.text._SlFindAndSetActiveObj)
    __arm_cp.17_0                            0x000023c0   Number         4  driver.o(.text._SlFindAndSetActiveObj)
    __arm_cp.17_1                            0x000023c4   Number         4  driver.o(.text._SlFindAndSetActiveObj)
    __arm_cp.17_2                            0x000023c8   Number         4  driver.o(.text._SlFindAndSetActiveObj)
    [Anonymous Symbol]                       0x000023cc   Section        0  nonos.o(.text._SlNonOsMainLoopTask)
    [Anonymous Symbol]                       0x00002404   Section        0  nonos.o(.text._SlNonOsSemGet)
    [Anonymous Symbol]                       0x00002434   Section        0  nonos.o(.text._SlNonOsSemSet)
    [Anonymous Symbol]                       0x0000243c   Section        0  nonos.o(.text._SlNonOsSpawn)
    __arm_cp.3_0                             0x00002460   Number         4  nonos.o(.text._SlNonOsSpawn)
    [Anonymous Symbol]                       0x00002464   Section        0  driver.o(.text._SlRemoveFromList)
    __arm_cp.21_0                            0x000024a4   Number         4  driver.o(.text._SlRemoveFromList)
    [Anonymous Symbol]                       0x000024a8   Section        0  socket.o(.text._sl_BuildAddress)
    [Anonymous Symbol]                       0x000024d0   Section        0  socket.o(.text._sl_HandleAsync_Accept)
    [Anonymous Symbol]                       0x00002518   Section        0  socket.o(.text._sl_HandleAsync_Connect)
    [Anonymous Symbol]                       0x00002560   Section        0  netapp.o(.text._sl_HandleAsync_DnsGetHostByName)
    __arm_cp.10_0                            0x000025b8   Number         4  netapp.o(.text._sl_HandleAsync_DnsGetHostByName)
    [Anonymous Symbol]                       0x000025bc   Section        0  netapp.o(.text._sl_HandleAsync_DnsGetHostByService)
    __arm_cp.7_0                             0x0000260c   Number         4  netapp.o(.text._sl_HandleAsync_DnsGetHostByService)
    [Anonymous Symbol]                       0x00002610   Section        0  device.o(.text._sl_HandleAsync_InitComplete)
    [Anonymous Symbol]                       0x00002650   Section        0  netapp.o(.text._sl_HandleAsync_PingResponse)
    __arm_cp.12_0                            0x000026bc   Number         4  netapp.o(.text._sl_HandleAsync_PingResponse)
    __arm_cp.12_1                            0x000026c0   Number         4  netapp.o(.text._sl_HandleAsync_PingResponse)
    [Anonymous Symbol]                       0x000026c4   Section        0  socket.o(.text._sl_HandleAsync_Select)
    [Anonymous Symbol]                       0x000026fc   Section        0  device.o(.text._sl_HandleAsync_Stop)
    __arm_cp.4_0                             0x0000271c   Number         4  device.o(.text._sl_HandleAsync_Stop)
    [Anonymous Symbol]                       0x00002720   Section        0  socket.o(.text._sl_TruncatePayloadByProtocol)
    commandList                              0x0000276d   Thumb Code    74  st7735.o(.text.commandList)
    [Anonymous Symbol]                       0x0000276c   Section        0  st7735.o(.text.commandList)
    commonInit                               0x000027b9   Thumb Code   248  st7735.o(.text.commonInit)
    [Anonymous Symbol]                       0x000027b8   Section        0  st7735.o(.text.commonInit)
    __arm_cp.2_0                             0x000028b0   Number         4  st7735.o(.text.commonInit)
    __arm_cp.2_1                             0x000028b4   Number         4  st7735.o(.text.commonInit)
    __arm_cp.2_2                             0x000028b8   Number         4  st7735.o(.text.commonInit)
    __arm_cp.2_3                             0x000028bc   Number         4  st7735.o(.text.commonInit)
    __arm_cp.2_4                             0x000028c0   Number         4  st7735.o(.text.commonInit)
    __arm_cp.2_5                             0x000028c4   Number         4  st7735.o(.text.commonInit)
    __arm_cp.2_6                             0x000028c8   Number         4  st7735.o(.text.commonInit)
    __arm_cp.2_7                             0x000028cc   Number         4  st7735.o(.text.commonInit)
    __arm_cp.2_8                             0x000028d0   Number         4  st7735.o(.text.commonInit)
    __arm_cp.2_9                             0x000028d4   Number         4  st7735.o(.text.commonInit)
    __arm_cp.2_10                            0x000028d8   Number         4  st7735.o(.text.commonInit)
    __arm_cp.2_11                            0x000028dc   Number         4  st7735.o(.text.commonInit)
    [Anonymous Symbol]                       0x000028e0   Section        0  mainnokia5110.o(.text.drawCloud)
    __arm_cp.14_0                            0x00002a04   Number         4  mainnokia5110.o(.text.drawCloud)
    __arm_cp.14_1                            0x00002a08   Number         4  mainnokia5110.o(.text.drawCloud)
    [Anonymous Symbol]                       0x00002a0c   Section        0  mainnokia5110.o(.text.drawRainDrop)
    __arm_cp.11_0                            0x00002ad0   Number         4  mainnokia5110.o(.text.drawRainDrop)
    [Anonymous Symbol]                       0x00002ad4   Section        0  mainnokia5110.o(.text.drawSun)
    __arm_cp.13_0                            0x00002c2c   Number         4  mainnokia5110.o(.text.drawSun)
    [Anonymous Symbol]                       0x00002c30   Section        0  mainnokia5110.o(.text.drawingDesign)
    [Anonymous Symbol]                       0x00002cc0   Section        0  board.o(.text.initClk)
    __arm_cp.0_0                             0x00002cd4   Number         4  board.o(.text.initClk)
    [Anonymous Symbol]                       0x00002cd8   Section        0  mainnokia5110.o(.text.main)
    __arm_cp.16_0                            0x000031ec   Number         4  mainnokia5110.o(.text.main)
    __arm_cp.16_1                            0x000031f0   Number         4  mainnokia5110.o(.text.main)
    __arm_cp.16_2                            0x000031f4   Number         4  mainnokia5110.o(.text.main)
    __arm_cp.16_4                            0x0000322c   Number         4  mainnokia5110.o(.text.main)
    __arm_cp.16_5                            0x00003230   Number         4  mainnokia5110.o(.text.main)
    __arm_cp.16_6                            0x00003234   Number         4  mainnokia5110.o(.text.main)
    __arm_cp.16_7                            0x00003238   Number         4  mainnokia5110.o(.text.main)
    __arm_cp.16_8                            0x0000323c   Number         4  mainnokia5110.o(.text.main)
    __arm_cp.16_9                            0x00003240   Number         4  mainnokia5110.o(.text.main)
    __arm_cp.16_10                           0x00003244   Number         4  mainnokia5110.o(.text.main)
    __arm_cp.16_13                           0x0000326c   Number         4  mainnokia5110.o(.text.main)
    __arm_cp.16_17                           0x000032a0   Number         4  mainnokia5110.o(.text.main)
    __arm_cp.16_19                           0x000032b4   Number         4  mainnokia5110.o(.text.main)
    __arm_cp.16_20                           0x000032b8   Number         4  mainnokia5110.o(.text.main)
    __arm_cp.16_21                           0x000032bc   Number         4  mainnokia5110.o(.text.main)
    __arm_cp.16_22                           0x000032c0   Number         4  mainnokia5110.o(.text.main)
    __arm_cp.16_23                           0x000032c4   Number         4  mainnokia5110.o(.text.main)
    __arm_cp.16_24                           0x000032c8   Number         4  mainnokia5110.o(.text.main)
    __arm_cp.16_25                           0x000032cc   Number         4  mainnokia5110.o(.text.main)
    __arm_cp.16_26                           0x000032d0   Number         4  mainnokia5110.o(.text.main)
    __arm_cp.16_27                           0x000032d4   Number         4  mainnokia5110.o(.text.main)
    __arm_cp.16_28                           0x000032d8   Number         4  mainnokia5110.o(.text.main)
    __arm_cp.16_29                           0x000032dc   Number         4  mainnokia5110.o(.text.main)
    __arm_cp.16_30                           0x000032e0   Number         4  mainnokia5110.o(.text.main)
    __arm_cp.16_31                           0x000032e4   Number         4  mainnokia5110.o(.text.main)
    __arm_cp.16_32                           0x000032e8   Number         4  mainnokia5110.o(.text.main)
    __arm_cp.16_33                           0x000032ec   Number         4  mainnokia5110.o(.text.main)
    __arm_cp.16_34                           0x000032f0   Number         4  mainnokia5110.o(.text.main)
    __arm_cp.16_35                           0x000032f4   Number         4  mainnokia5110.o(.text.main)
    __arm_cp.16_36                           0x000032f8   Number         4  mainnokia5110.o(.text.main)
    __arm_cp.16_37                           0x000032fc   Number         4  mainnokia5110.o(.text.main)
    __arm_cp.16_38                           0x00003300   Number         4  mainnokia5110.o(.text.main)
    __arm_cp.16_39                           0x00003304   Number         4  mainnokia5110.o(.text.main)
    __arm_cp.16_40                           0x00003308   Number         4  mainnokia5110.o(.text.main)
    __arm_cp.16_41                           0x0000330c   Number         4  mainnokia5110.o(.text.main)
    __arm_cp.16_42                           0x00003310   Number         4  mainnokia5110.o(.text.main)
    __arm_cp.16_43                           0x00003314   Number         4  mainnokia5110.o(.text.main)
    __arm_cp.16_44                           0x00003318   Number         4  mainnokia5110.o(.text.main)
    __arm_cp.16_45                           0x0000331c   Number         4  mainnokia5110.o(.text.main)
    __arm_cp.16_46                           0x00003320   Number         4  mainnokia5110.o(.text.main)
    [Anonymous Symbol]                       0x00003324   Section        0  mainnokia5110.o(.text.mainPromptOutput)
    __arm_cp.10_0                            0x00003354   Number         4  mainnokia5110.o(.text.mainPromptOutput)
    __arm_cp.10_1                            0x00003358   Number         4  mainnokia5110.o(.text.mainPromptOutput)
    __arm_cp.10_7                            0x000033c8   Number         4  mainnokia5110.o(.text.mainPromptOutput)
    [Anonymous Symbol]                       0x000033cc   Section        0  mainnokia5110.o(.text.makeItRain)
    __arm_cp.12_0                            0x00003520   Number         4  mainnokia5110.o(.text.makeItRain)
    pushColor                                0x00003525   Thumb Code    20  st7735.o(.text.pushColor)
    [Anonymous Symbol]                       0x00003524   Section        0  st7735.o(.text.pushColor)
    [Anonymous Symbol]                       0x00003538   Section        0  board.o(.text.registerInterruptHandler)
    __arm_cp.2_0                             0x00003540   Number         4  board.o(.text.registerInterruptHandler)
    setAddrWindow                            0x00003545   Thumb Code    96  st7735.o(.text.setAddrWindow)
    [Anonymous Symbol]                       0x00003544   Section        0  st7735.o(.text.setAddrWindow)
    __arm_cp.10_0                            0x000035a4   Number         4  st7735.o(.text.setAddrWindow)
    __arm_cp.10_1                            0x000035a8   Number         4  st7735.o(.text.setAddrWindow)
    __arm_cp.10_2                            0x000035ac   Number         4  st7735.o(.text.setAddrWindow)
    [Anonymous Symbol]                       0x000035b0   Section        0  socket.o(.text.sl_Close)
    __arm_cp.4_0                             0x000035c8   Number         4  socket.o(.text.sl_Close)
    [Anonymous Symbol]                       0x000035cc   Section        0  socket.o(.text.sl_Connect)
    [Anonymous Symbol]                       0x000036a8   Section        0  device.o(.text.sl_DevGet)
    __arm_cp.8_0                             0x0000370c   Number         4  device.o(.text.sl_DevGet)
    __arm_cp.8_1                             0x00003710   Number         4  device.o(.text.sl_DevGet)
    [Anonymous Symbol]                       0x00003714   Section        0  socket.o(.text.sl_Htonl)
    [Anonymous Symbol]                       0x00003718   Section        0  socket.o(.text.sl_Htons)
    [Anonymous Symbol]                       0x0000371c   Section        0  netapp.o(.text.sl_NetAppDnsGetHostByName)
    __arm_cp.9_0                             0x000037ec   Number         4  netapp.o(.text.sl_NetAppDnsGetHostByName)
    __arm_cp.9_2                             0x000037f0   Number         4  netapp.o(.text.sl_NetAppDnsGetHostByName)
    [Anonymous Symbol]                       0x000037f4   Section        0  netapp.o(.text.sl_NetAppMDNSRegisterUnregisterService)
    __arm_cp.3_0                             0x00003878   Number         4  netapp.o(.text.sl_NetAppMDNSRegisterUnregisterService)
    [Anonymous Symbol]                       0x0000387c   Section        0  netapp.o(.text.sl_NetAppMDNSUnRegisterService)
    [Anonymous Symbol]                       0x00003894   Section        0  netapp.o(.text.sl_NetAppSendTokenValue)
    __arm_cp.15_0                            0x000038dc   Number         4  netapp.o(.text.sl_NetAppSendTokenValue)
    [Anonymous Symbol]                       0x000038e0   Section        0  netcfg.o(.text.sl_NetCfgSet)
    __arm_cp.0_0                             0x00003918   Number         4  netcfg.o(.text.sl_NetCfgSet)
    [Anonymous Symbol]                       0x0000391c   Section        0  socket.o(.text.sl_Recv)
    __arm_cp.16_0                            0x00003958   Number         4  socket.o(.text.sl_Recv)
    [Anonymous Symbol]                       0x0000395c   Section        0  socket.o(.text.sl_Send)
    __arm_cp.10_0                            0x000039f4   Number         4  socket.o(.text.sl_Send)
    __arm_cp.10_1                            0x000039f8   Number         4  socket.o(.text.sl_Send)
    [Anonymous Symbol]                       0x000039fc   Section        0  socket.o(.text.sl_Socket)
    __arm_cp.3_0                             0x00003a28   Number         4  socket.o(.text.sl_Socket)
    [Anonymous Symbol]                       0x00003a2c   Section        0  device.o(.text.sl_Start)
    __arm_cp.2_0                             0x00003ac8   Number         4  device.o(.text.sl_Start)
    __arm_cp.2_1                             0x00003acc   Number         4  device.o(.text.sl_Start)
    __arm_cp.2_2                             0x00003ad0   Number         4  device.o(.text.sl_Start)
    [Anonymous Symbol]                       0x00003ad4   Section        0  device.o(.text.sl_Stop)
    __arm_cp.5_0                             0x00003b84   Number         4  device.o(.text.sl_Stop)
    __arm_cp.5_1                             0x00003b88   Number         4  device.o(.text.sl_Stop)
    __arm_cp.5_2                             0x00003b8c   Number         4  device.o(.text.sl_Stop)
    [Anonymous Symbol]                       0x00003b90   Section        0  wlan.o(.text.sl_WlanConnect)
    __arm_cp.0_0                             0x00003d10   Number         4  wlan.o(.text.sl_WlanConnect)
    [Anonymous Symbol]                       0x00003d14   Section        0  wlan.o(.text.sl_WlanDisconnect)
    [Anonymous Symbol]                       0x00003d1c   Section        0  wlan.o(.text.sl_WlanPolicySet)
    __arm_cp.2_0                             0x00003d50   Number         4  wlan.o(.text.sl_WlanPolicySet)
    [Anonymous Symbol]                       0x00003d54   Section        0  wlan.o(.text.sl_WlanProfileDel)
    __arm_cp.6_0                             0x00003d6c   Number         4  wlan.o(.text.sl_WlanProfileDel)
    [Anonymous Symbol]                       0x00003d70   Section        0  wlan.o(.text.sl_WlanSet)
    __arm_cp.17_0                            0x00003da8   Number         4  wlan.o(.text.sl_WlanSet)
    [Anonymous Symbol]                       0x00003dac   Section        0  wlan.o(.text.sl_WlanSetMode)
    __arm_cp.16_0                            0x00003dc4   Number         4  wlan.o(.text.sl_WlanSetMode)
    [Anonymous Symbol]                       0x00003dc8   Section        0  spi.o(.text.spi_Close)
    [Anonymous Symbol]                       0x00003dd4   Section        0  spi.o(.text.spi_Open)
    __arm_cp.1_0                             0x00003e98   Number         4  spi.o(.text.spi_Open)
    __arm_cp.1_1                             0x00003e9c   Number         4  spi.o(.text.spi_Open)
    __arm_cp.1_2                             0x00003ea0   Number         4  spi.o(.text.spi_Open)
    __arm_cp.1_3                             0x00003ea4   Number         4  spi.o(.text.spi_Open)
    __arm_cp.1_4                             0x00003ea8   Number         4  spi.o(.text.spi_Open)
    __arm_cp.1_5                             0x00003eac   Number         4  spi.o(.text.spi_Open)
    __arm_cp.1_6                             0x00003eb0   Number         4  spi.o(.text.spi_Open)
    [Anonymous Symbol]                       0x00003eb4   Section        0  spi.o(.text.spi_Read)
    [Anonymous Symbol]                       0x00003f00   Section        0  spi.o(.text.spi_Write)
    __arm_cp.2_0                             0x00003f48   Number         4  spi.o(.text.spi_Write)
    [Anonymous Symbol]                       0x00003f4c   Section        0  board.o(.text.stopWDT)
    writecommand                             0x00003f51   Thumb Code    24  st7735.o(.text.writecommand)
    [Anonymous Symbol]                       0x00003f50   Section        0  st7735.o(.text.writecommand)
    writedata                                0x00003f69   Thumb Code    20  st7735.o(.text.writedata)
    [Anonymous Symbol]                       0x00003f68   Section        0  st7735.o(.text.writedata)
    __arm_cp.8_0                             0x00003f7c   Number         4  st7735.o(.text.writedata)
    __arm_cp.8_1                             0x00003f80   Number         4  st7735.o(.text.writedata)
    i.FPUEnable                              0x00003f84   Section        0  fpu.o(i.FPUEnable)
    i.FPULazyStackingEnable                  0x00003f94   Section        0  fpu.o(i.FPULazyStackingEnable)
    i.GPIODirModeSet                         0x00003fa4   Section        0  gpio.o(i.GPIODirModeSet)
    i.GPIOIntClear                           0x00003fcc   Section        0  gpio.o(i.GPIOIntClear)
    i.GPIOIntDisable                         0x00003fd2   Section        0  gpio.o(i.GPIOIntDisable)
    i.GPIOIntEnable                          0x00003fe0   Section        0  gpio.o(i.GPIOIntEnable)
    i.GPIOIntStatus                          0x00003fee   Section        0  gpio.o(i.GPIOIntStatus)
    i.GPIOIntTypeSet                         0x00003ffc   Section        0  gpio.o(i.GPIOIntTypeSet)
    i.GPIOPadConfigSet                       0x0000404c   Section        0  gpio.o(i.GPIOPadConfigSet)
    i.GPIOPinConfigure                       0x00004188   Section        0  gpio.o(i.GPIOPinConfigure)
    i.GPIOPinTypeGPIOInput                   0x000041d0   Section        0  gpio.o(i.GPIOPinTypeGPIOInput)
    i.GPIOPinTypeGPIOOutput                  0x000041ec   Section        0  gpio.o(i.GPIOPinTypeGPIOOutput)
    i.GPIOPinTypeSSI                         0x00004208   Section        0  gpio.o(i.GPIOPinTypeSSI)
    i.GPIOPinTypeUART                        0x00004224   Section        0  gpio.o(i.GPIOPinTypeUART)
    i.GPIOPinWrite                           0x00004240   Section        0  gpio.o(i.GPIOPinWrite)
    i.IntEnable                              0x00004248   Section        0  interrupt.o(i.IntEnable)
    i.IntMasterEnable                        0x000042ac   Section        0  interrupt.o(i.IntMasterEnable)
    i.SSIConfigSetExpClk                     0x000042ba   Section        0  ssi.o(i.SSIConfigSetExpClk)
    i.SSIDataGetNonBlocking                  0x00004304   Section        0  ssi.o(i.SSIDataGetNonBlocking)
    i.SSIDataPutNonBlocking                  0x00004318   Section        0  ssi.o(i.SSIDataPutNonBlocking)
    i.SSIEnable                              0x00004328   Section        0  ssi.o(i.SSIEnable)
    i.SysCtlClockGet                         0x00004334   Section        0  sysctl.o(i.SysCtlClockGet)
    i.SysCtlClockSet                         0x00004498   Section        0  sysctl.o(i.SysCtlClockSet)
    i.SysCtlPeripheralEnable                 0x000045b8   Section        0  sysctl.o(i.SysCtlPeripheralEnable)
    i.__scatterload_copy                     0x000045e0   Section       14  handlers.o(i.__scatterload_copy)
    i.__scatterload_null                     0x000045ee   Section        2  handlers.o(i.__scatterload_null)
    i.__scatterload_zeroinit                 0x000045f0   Section       14  handlers.o(i.__scatterload_zeroinit)
    g_ppui32GPIOIntMapBlizzard               0x00004600   Data         192  gpio.o(.constdata)
    .constdata                               0x00004600   Section      528  gpio.o(.constdata)
    g_ppui32GPIOIntMapSnowflake              0x000046c0   Data         192  gpio.o(.constdata)
    g_pui32GPIOBaseAddrs                     0x00004780   Data         144  gpio.o(.constdata)
    g_pui32Priority                          0x00004810   Data          32  interrupt.o(.constdata)
    .constdata                               0x00004810   Section      268  interrupt.o(.constdata)
    g_pui32Regs                              0x00004830   Data         156  interrupt.o(.constdata)
    g_pui32EnRegs                            0x000048cc   Data          20  interrupt.o(.constdata)
    g_pui32Dii16Regs                         0x000048e0   Data          20  interrupt.o(.constdata)
    g_pui32PendRegs                          0x000048f4   Data          20  interrupt.o(.constdata)
    g_pui32UnpendRegs                        0x00004908   Data          20  interrupt.o(.constdata)
    g_pui32VCOFrequencies                    0x0000491c   Data           8  sysctl.o(.constdata)
    .constdata                               0x0000491c   Section      452  sysctl.o(.constdata)
    g_pui32Xtals                             0x00004924   Data         108  sysctl.o(.constdata)
    g_pppui32XTALtoVCO                       0x00004990   Data         288  sysctl.o(.constdata)
    g_sXTALtoMEMTIM                          0x00004ab0   Data          48  sysctl.o(.constdata)
    Font                                     0x00004ae0   Data        1275  st7735.o(.rodata.Font)
    [Anonymous Symbol]                       0x00004ae0   Section        0  st7735.o(.rodata.Font)
    Rcmd1                                    0x00004fdb   Data          59  st7735.o(.rodata.Rcmd1)
    [Anonymous Symbol]                       0x00004fdb   Section        0  st7735.o(.rodata.Rcmd1)
    Rcmd2green                               0x00005016   Data          13  st7735.o(.rodata.Rcmd2green)
    [Anonymous Symbol]                       0x00005016   Section        0  st7735.o(.rodata.Rcmd2green)
    Rcmd2red                                 0x00005023   Data          13  st7735.o(.rodata.Rcmd2red)
    [Anonymous Symbol]                       0x00005023   Section        0  st7735.o(.rodata.Rcmd2red)
    Rcmd3                                    0x00005030   Data          43  st7735.o(.rodata.Rcmd3)
    [Anonymous Symbol]                       0x00005030   Section        0  st7735.o(.rodata.Rcmd3)
    g_ui32UARTInt                            0x000050dc   Data          12  uartstdio.o(.rodata.g_ui32UARTInt)
    [Anonymous Symbol]                       0x000050dc   Section        0  uartstdio.o(.rodata.g_ui32UARTInt)
    [Anonymous Symbol]                       0x000050e8   Section        0  mainnokia5110.o(.rodata.str1.1)
    [Anonymous Symbol]                       0x000052a0   Section        0  mainnokia5110.o(.rodata.str1.4)
    [Anonymous Symbol]                       0x20000000   Section        0  mainnokia5110.o(.data..L_MergedGlobals)
    g_bDisableEcho                           0x200000f8   Data           1  uartstdio.o(.bss..L_MergedGlobals)
    [Anonymous Symbol]                       0x200000f8   Section        0  uartstdio.o(.bss..L_MergedGlobals)
    UARTStdioIntHandler.bLastWasCR           0x200000f9   Data           1  uartstdio.o(.bss..L_MergedGlobals)
    g_ui32Base                               0x200000fc   Data           4  uartstdio.o(.bss..L_MergedGlobals)
    g_ui32PortNum                            0x20000100   Data           4  uartstdio.o(.bss..L_MergedGlobals)
    g_ui32UARTTxReadIndex                    0x20000104   Data           4  uartstdio.o(.bss..L_MergedGlobals)
    g_ui32UARTTxWriteIndex                   0x20000108   Data           4  uartstdio.o(.bss..L_MergedGlobals)
    g_ui32UARTRxReadIndex                    0x2000010c   Data           4  uartstdio.o(.bss..L_MergedGlobals)
    g_ui32UARTRxWriteIndex                   0x20000110   Data           4  uartstdio.o(.bss..L_MergedGlobals)
    ColStart                                 0x20000114   Data           1  st7735.o(.bss..L_MergedGlobals)
    [Anonymous Symbol]                       0x20000114   Section        0  st7735.o(.bss..L_MergedGlobals)
    RowStart                                 0x20000115   Data           1  st7735.o(.bss..L_MergedGlobals)
    TabColor                                 0x20000116   Data           1  st7735.o(.bss..L_MergedGlobals)
    _width                                   0x20000118   Data           1  st7735.o(.bss..L_MergedGlobals)
    _height                                  0x2000011a   Data           1  st7735.o(.bss..L_MergedGlobals)
    [Anonymous Symbol]                       0x20000148   Section        0  mainnokia5110.o(.bss..L_MergedGlobals.52)
    g_pcUARTRxBuffer                         0x20000c2c   Data         128  uartstdio.o(.bss.g_pcUARTRxBuffer)
    [Anonymous Symbol]                       0x20000c2c   Section        0  uartstdio.o(.bss.g_pcUARTRxBuffer)
    g_pcUARTTxBuffer                         0x20000cac   Data        1024  uartstdio.o(.bss.g_pcUARTTxBuffer)
    [Anonymous Symbol]                       0x20000cac   Section        0  uartstdio.o(.bss.g_pcUARTTxBuffer)
    StackMem                                 0x20001248   Data           0  startup_rvmdk.o(STACK)
    STACK                                    0x20001248   Section    16384  startup_rvmdk.o(STACK)

    Global Symbols

    Symbol Name                              Value     Ov Type        Size  Object(Section)

    BuildAttributes$$THM_ISAv4$E$P$D$K$B$S$7EM$VFPi3$EXTD16$VFPS$VFMA$PE$A:L22UL41UL21$X:L11$S22US41US21$IEEE1$IW$~IW$USESV6$~STKCKD$USESV7$~SHL$OTIME$EBA8$MICROLIB$REQ8$PRES8$EABIv2 0x00000000   Number         0  anon$$obj.o ABSOLUTE
    __Vectors                                0x00000000   Data           0  startup_rvmdk.o(RESET)
    __cpp_initialize__aeabi_                  - Undefined Weak Reference
    __cxa_finalize                            - Undefined Weak Reference
    __decompress                              - Undefined Weak Reference
    _clock_init                               - Undefined Weak Reference
    _microlib_exit                            - Undefined Weak Reference
    Reset_Handler                            0x0000026d   Thumb Code     0  startup_rvmdk.o(RESET)
    __main                                   0x00000289   Thumb Code     0  entry.o(.ARM.Collect$$$$00000000)
    _main_stk                                0x00000289   Thumb Code     0  entry2.o(.ARM.Collect$$$$00000001)
    _main_scatterload                        0x0000028d   Thumb Code     0  entry5.o(.ARM.Collect$$$$00000004)
    __main_after_scatterload                 0x00000291   Thumb Code     0  entry5.o(.ARM.Collect$$$$00000004)
    _main_clock                              0x00000291   Thumb Code     0  entry7b.o(.ARM.Collect$$$$00000008)
    _main_cpp_init                           0x00000291   Thumb Code     0  entry8b.o(.ARM.Collect$$$$0000000A)
    _main_init                               0x00000291   Thumb Code     0  entry9a.o(.ARM.Collect$$$$0000000B)
    __rt_final_cpp                           0x00000299   Thumb Code     0  entry10a.o(.ARM.Collect$$$$0000000D)
    __rt_final_exit                          0x00000299   Thumb Code     0  entry11a.o(.ARM.Collect$$$$0000000F)
    SysCtlDelay                              0x0000029d   Thumb Code     6  sysctl.o(.emb_text)
    CPUcpsid                                 0x000002a5   Thumb Code     8  cpu.o(.emb_text)
    CPUprimask                               0x000002ad   Thumb Code     6  cpu.o(.emb_text)
    CPUcpsie                                 0x000002b3   Thumb Code     8  cpu.o(.emb_text)
    CPUwfi                                   0x000002bb   Thumb Code     4  cpu.o(.emb_text)
    CPUbasepriSet                            0x000002bf   Thumb Code     6  cpu.o(.emb_text)
    CPUbasepriGet                            0x000002c5   Thumb Code     6  cpu.o(.emb_text)
    __aeabi_memcpy                           0x000002cb   Thumb Code    36  memcpya.o(.text)
    __aeabi_memcpy4                          0x000002cb   Thumb Code     0  memcpya.o(.text)
    __aeabi_memcpy8                          0x000002cb   Thumb Code     0  memcpya.o(.text)
    __aeabi_memset                           0x000002ef   Thumb Code    14  memseta.o(.text)
    __aeabi_memset4                          0x000002ef   Thumb Code     0  memseta.o(.text)
    __aeabi_memset8                          0x000002ef   Thumb Code     0  memseta.o(.text)
    __aeabi_memclr                           0x000002fd   Thumb Code     4  memseta.o(.text)
    __aeabi_memclr4                          0x000002fd   Thumb Code     0  memseta.o(.text)
    __aeabi_memclr8                          0x000002fd   Thumb Code     0  memseta.o(.text)
    _memset$wrapper                          0x00000301   Thumb Code    18  memseta.o(.text)
    strcat                                   0x00000313   Thumb Code    24  strcat.o(.text)
    strstr                                   0x0000032b   Thumb Code    36  strstr.o(.text)
    strlen                                   0x0000034f   Thumb Code    14  strlen.o(.text)
    strcpy                                   0x0000035d   Thumb Code    18  strcpy.o(.text)
    __scatterload                            0x00000371   Thumb Code    28  init.o(.text)
    __scatterload_rt2                        0x00000371   Thumb Code     0  init.o(.text)
    Board_Input                              0x00000395   Thumb Code    20  led.o(.text.Board_Input)
    CC3100_InterruptDisable                  0x000003ad   Thumb Code     8  board.o(.text.CC3100_InterruptDisable)
    CC3100_InterruptEnable                   0x000003b5   Thumb Code     8  board.o(.text.CC3100_InterruptEnable)
    CC3100_disable                           0x000003bd   Thumb Code    12  board.o(.text.CC3100_disable)
    CC3100_enable                            0x000003c9   Thumb Code    12  board.o(.text.CC3100_enable)
    Crash                                    0x000003d9   Thumb Code     6  mainnokia5110.o(.text.Crash)
    Delay1ms                                 0x000003df   Thumb Code    30  st7735.o(.text.Delay1ms)
    DelayWait10ms                            0x000003fd   Thumb Code    30  mainnokia5110.o(.text.DelayWait10ms)
    GPIOB_intHandler                         0x0000041d   Thumb Code    44  board.o(.text.GPIOB_intHandler)
    GetStartResponseConvert                  0x00000451   Thumb Code    68  device.o(.text.GetStartResponseConvert)
    LCD_Init                                 0x00000495   Thumb Code    64  mainnokia5110.o(.text.LCD_Init)
    LCD_OutString                            0x000004dd   Thumb Code    18  mainnokia5110.o(.text.LCD_OutString)
    LED_GreenOff                             0x000004f1   Thumb Code     8  led.o(.text.LED_GreenOff)
    LED_GreenOn                              0x000004f9   Thumb Code     8  led.o(.text.LED_GreenOn)
    LED_Init                                 0x00000505   Thumb Code    60  led.o(.text.LED_Init)
    LED_RedToggle                            0x00000551   Thumb Code    12  led.o(.text.LED_RedToggle)
    ST7735_DrawCharS                         0x000007b5   Thumb Code   220  st7735.o(.text.ST7735_DrawCharS)
    ST7735_DrawFastVLine                     0x00000895   Thumb Code    88  st7735.o(.text.ST7735_DrawFastVLine)
    ST7735_DrawLine                          0x000008ed   Thumb Code   158  st7735.o(.text.ST7735_DrawLine)
    ST7735_DrawPixel                         0x0000098d   Thumb Code    72  st7735.o(.text.ST7735_DrawPixel)
    ST7735_DrawString                        0x000009d5   Thumb Code    76  st7735.o(.text.ST7735_DrawString)
    ST7735_FillCircle                        0x00000a21   Thumb Code   188  st7735.o(.text.ST7735_FillCircle)
    ST7735_FillRect                          0x00000ae1   Thumb Code   124  st7735.o(.text.ST7735_FillRect)
    ST7735_FillScreen                        0x00000b5d   Thumb Code    36  st7735.o(.text.ST7735_FillScreen)
    ST7735_InitR                             0x00000b85   Thumb Code    88  st7735.o(.text.ST7735_InitR)
    ST7735_OutChar                           0x00000bed   Thumb Code   128  st7735.o(.text.ST7735_OutChar)
    ST7735_OutString                         0x00000c91   Thumb Code    18  st7735.o(.text.ST7735_OutString)
    SimpleLinkHttpServerCallback             0x00000ca5   Thumb Code     8  mainnokia5110.o(.text.SimpleLinkHttpServerCallback)
    SimpleLinkNetAppEventHandler             0x00000cd1   Thumb Code    24  mainnokia5110.o(.text.SimpleLinkNetAppEventHandler)
    SimpleLinkWlanEventHandler               0x00000d0d   Thumb Code    56  mainnokia5110.o(.text.SimpleLinkWlanEventHandler)
    UARTFlushRx                              0x00000dc1   Thumb Code    32  uartstdio.o(.text.UARTFlushRx)
    UARTFlushTx                              0x00000de1   Thumb Code    44  uartstdio.o(.text.UARTFlushTx)
    UARTStdioConfig                          0x00000e79   Thumb Code   152  uartstdio.o(.text.UARTStdioConfig)
    UARTStdioIntHandler                      0x00000f31   Thumb Code   276  uartstdio.o(.text.UARTStdioIntHandler)
    UARTgets                                 0x00001055   Thumb Code    80  uartstdio.o(.text.UARTgets)
    UARToutString                            0x000010b1   Thumb Code    62  mainnokia5110.o(.text.UARToutString)
    UARTprintf                               0x000010ef   Thumb Code    24  uartstdio.o(.text.UARTprintf)
    UARTvprintf                              0x00001109   Thumb Code   432  uartstdio.o(.text.UARTvprintf)
    UARTwrite                                0x000012d9   Thumb Code   100  uartstdio.o(.text.UARTwrite)
    WlanConnect                              0x00001349   Thumb Code    56  mainnokia5110.o(.text.WlanConnect)
    _SlAsyncEventGenericHandler              0x0000139d   Thumb Code   564  driver.o(.text._SlAsyncEventGenericHandler)
    _SlDrvBasicCmd                           0x000015d1   Thumb Code    34  driver.o(.text._SlDrvBasicCmd)
    _SlDrvClassifyRxMsg                      0x000015f5   Thumb Code   116  driver.o(.text._SlDrvClassifyRxMsg)
    _SlDrvCmdOp                              0x00001679   Thumb Code    56  driver.o(.text._SlDrvCmdOp)
    _SlDrvCmdSend                            0x000016b1   Thumb Code    28  driver.o(.text._SlDrvCmdSend)
    _SlDrvDataReadOp                         0x000016d1   Thumb Code   264  driver.o(.text._SlDrvDataReadOp)
    _SlDrvDataWriteOp                        0x000017dd   Thumb Code   232  driver.o(.text._SlDrvDataWriteOp)
    _SlDrvDeviceEventHandler                 0x000018c5   Thumb Code    26  device.o(.text._SlDrvDeviceEventHandler)
    _SlDrvDriverCBDeinit                     0x000018e1   Thumb Code    96  driver.o(.text._SlDrvDriverCBDeinit)
    _SlDrvDriverCBInit                       0x00001941   Thumb Code   116  driver.o(.text._SlDrvDriverCBInit)
    _SlDrvFlowContDeinit                     0x000019b9   Thumb Code    40  flowcont.o(.text._SlDrvFlowContDeinit)
    _SlDrvFlowContInit                       0x000019e1   Thumb Code    40  flowcont.o(.text._SlDrvFlowContInit)
    _SlDrvMsgRead                            0x00001a0d   Thumb Code   772  driver.o(.text._SlDrvMsgRead)
    _SlDrvMsgReadCmdCtx                      0x00001d19   Thumb Code   144  driver.o(.text._SlDrvMsgReadCmdCtx)
    _SlDrvMsgReadSpawnCtx                    0x00001db1   Thumb Code   120  driver.o(.text._SlDrvMsgReadSpawnCtx)
    _SlDrvMsgWrite                           0x00001e2d   Thumb Code   208  driver.o(.text._SlDrvMsgWrite)
    _SlDrvNetAppEventHandler                 0x00001f01   Thumb Code   208  netapp.o(.text._SlDrvNetAppEventHandler)
    _SlDrvObjInit                            0x00001fd1   Thumb Code    52  driver.o(.text._SlDrvObjInit)
    _SlDrvReleasePoolObj                     0x00002005   Thumb Code   220  driver.o(.text._SlDrvReleasePoolObj)
    _SlDrvRxHdrRead                          0x000020e5   Thumb Code   276  driver.o(.text._SlDrvRxHdrRead)
    _SlDrvRxIrqHandler                       0x00002209   Thumb Code    52  driver.o(.text._SlDrvRxIrqHandler)
    _SlDrvShiftDWord                         0x00002241   Thumb Code    22  driver.o(.text._SlDrvShiftDWord)
    _SlDrvWaitForPoolObj                     0x00002259   Thumb Code   220  driver.o(.text._SlDrvWaitForPoolObj)
    _SlFindAndSetActiveObj                   0x00002335   Thumb Code   140  driver.o(.text._SlFindAndSetActiveObj)
    _SlNonOsMainLoopTask                     0x000023cd   Thumb Code    56  nonos.o(.text._SlNonOsMainLoopTask)
    _SlNonOsSemGet                           0x00002405   Thumb Code    48  nonos.o(.text._SlNonOsSemGet)
    _SlNonOsSemSet                           0x00002435   Thumb Code     6  nonos.o(.text._SlNonOsSemSet)
    _SlNonOsSpawn                            0x0000243d   Thumb Code    36  nonos.o(.text._SlNonOsSpawn)
    _SlRemoveFromList                        0x00002465   Thumb Code    64  driver.o(.text._SlRemoveFromList)
    _sl_BuildAddress                         0x000024a9   Thumb Code    38  socket.o(.text._sl_BuildAddress)
    _sl_HandleAsync_Accept                   0x000024d1   Thumb Code    72  socket.o(.text._sl_HandleAsync_Accept)
    _sl_HandleAsync_Connect                  0x00002519   Thumb Code    72  socket.o(.text._sl_HandleAsync_Connect)
    _sl_HandleAsync_DnsGetHostByName         0x00002561   Thumb Code    88  netapp.o(.text._sl_HandleAsync_DnsGetHostByName)
    _sl_HandleAsync_DnsGetHostByService      0x000025bd   Thumb Code    80  netapp.o(.text._sl_HandleAsync_DnsGetHostByService)
    _sl_HandleAsync_InitComplete             0x00002611   Thumb Code    64  device.o(.text._sl_HandleAsync_InitComplete)
    _sl_HandleAsync_PingResponse             0x00002651   Thumb Code   108  netapp.o(.text._sl_HandleAsync_PingResponse)
    _sl_HandleAsync_Select                   0x000026c5   Thumb Code    56  socket.o(.text._sl_HandleAsync_Select)
    _sl_HandleAsync_Stop                     0x000026fd   Thumb Code    32  device.o(.text._sl_HandleAsync_Stop)
    _sl_TruncatePayloadByProtocol            0x00002721   Thumb Code    32  socket.o(.text._sl_TruncatePayloadByProtocol)
    drawCloud                                0x000028e1   Thumb Code   292  mainnokia5110.o(.text.drawCloud)
    drawRainDrop                             0x00002a0d   Thumb Code   196  mainnokia5110.o(.text.drawRainDrop)
    drawSun                                  0x00002ad5   Thumb Code   344  mainnokia5110.o(.text.drawSun)
    drawingDesign                            0x00002c31   Thumb Code   100  mainnokia5110.o(.text.drawingDesign)
    initClk                                  0x00002cc1   Thumb Code    20  board.o(.text.initClk)
    main                                     0x00002cd9   Thumb Code  1300  mainnokia5110.o(.text.main)
    mainPromptOutput                         0x00003325   Thumb Code    48  mainnokia5110.o(.text.mainPromptOutput)
    makeItRain                               0x000033cd   Thumb Code   340  mainnokia5110.o(.text.makeItRain)
    registerInterruptHandler                 0x00003539   Thumb Code     8  board.o(.text.registerInterruptHandler)
    sl_Close                                 0x000035b1   Thumb Code    24  socket.o(.text.sl_Close)
    sl_Connect                               0x000035cd   Thumb Code   220  socket.o(.text.sl_Connect)
    sl_DevGet                                0x000036a9   Thumb Code   100  device.o(.text.sl_DevGet)
    sl_Htonl                                 0x00003715   Thumb Code     4  socket.o(.text.sl_Htonl)
    sl_Htons                                 0x00003719   Thumb Code     4  socket.o(.text.sl_Htons)
    sl_NetAppDnsGetHostByName                0x0000371d   Thumb Code   208  netapp.o(.text.sl_NetAppDnsGetHostByName)
    sl_NetAppMDNSRegisterUnregisterService   0x000037f5   Thumb Code   132  netapp.o(.text.sl_NetAppMDNSRegisterUnregisterService)
    sl_NetAppMDNSUnRegisterService           0x0000387d   Thumb Code    22  netapp.o(.text.sl_NetAppMDNSUnRegisterService)
    sl_NetAppSendTokenValue                  0x00003895   Thumb Code    72  netapp.o(.text.sl_NetAppSendTokenValue)
    sl_NetCfgSet                             0x000038e1   Thumb Code    56  netcfg.o(.text.sl_NetCfgSet)
    sl_Recv                                  0x0000391d   Thumb Code    60  socket.o(.text.sl_Recv)
    sl_Send                                  0x0000395d   Thumb Code   152  socket.o(.text.sl_Send)
    sl_Socket                                0x000039fd   Thumb Code    44  socket.o(.text.sl_Socket)
    sl_Start                                 0x00003a2d   Thumb Code   156  device.o(.text.sl_Start)
    sl_Stop                                  0x00003ad5   Thumb Code   176  device.o(.text.sl_Stop)
    sl_WlanConnect                           0x00003b91   Thumb Code   384  wlan.o(.text.sl_WlanConnect)
    sl_WlanDisconnect                        0x00003d15   Thumb Code     8  wlan.o(.text.sl_WlanDisconnect)
    sl_WlanPolicySet                         0x00003d1d   Thumb Code    52  wlan.o(.text.sl_WlanPolicySet)
    sl_WlanProfileDel                        0x00003d55   Thumb Code    24  wlan.o(.text.sl_WlanProfileDel)
    sl_WlanSet                               0x00003d71   Thumb Code    56  wlan.o(.text.sl_WlanSet)
    sl_WlanSetMode                           0x00003dad   Thumb Code    24  wlan.o(.text.sl_WlanSetMode)
    spi_Close                                0x00003dc9   Thumb Code    10  spi.o(.text.spi_Close)
    spi_Open                                 0x00003dd5   Thumb Code   196  spi.o(.text.spi_Open)
    spi_Read                                 0x00003eb5   Thumb Code    76  spi.o(.text.spi_Read)
    spi_Write                                0x00003f01   Thumb Code    72  spi.o(.text.spi_Write)
    stopWDT                                  0x00003f4d   Thumb Code     2  board.o(.text.stopWDT)
    FPUEnable                                0x00003f85   Thumb Code    12  fpu.o(i.FPUEnable)
    FPULazyStackingEnable                    0x00003f95   Thumb Code    12  fpu.o(i.FPULazyStackingEnable)
    GPIODirModeSet                           0x00003fa5   Thumb Code    40  gpio.o(i.GPIODirModeSet)
    GPIOIntClear                             0x00003fcd   Thumb Code     6  gpio.o(i.GPIOIntClear)
    GPIOIntDisable                           0x00003fd3   Thumb Code    14  gpio.o(i.GPIOIntDisable)
    GPIOIntEnable                            0x00003fe1   Thumb Code    14  gpio.o(i.GPIOIntEnable)
    GPIOIntStatus                            0x00003fef   Thumb Code    14  gpio.o(i.GPIOIntStatus)
    GPIOIntTypeSet                           0x00003ffd   Thumb Code    80  gpio.o(i.GPIOIntTypeSet)
    GPIOPadConfigSet                         0x0000404d   Thumb Code   314  gpio.o(i.GPIOPadConfigSet)
    GPIOPinConfigure                         0x00004189   Thumb Code    64  gpio.o(i.GPIOPinConfigure)
    GPIOPinTypeGPIOInput                     0x000041d1   Thumb Code    28  gpio.o(i.GPIOPinTypeGPIOInput)
    GPIOPinTypeGPIOOutput                    0x000041ed   Thumb Code    28  gpio.o(i.GPIOPinTypeGPIOOutput)
    GPIOPinTypeSSI                           0x00004209   Thumb Code    28  gpio.o(i.GPIOPinTypeSSI)
    GPIOPinTypeUART                          0x00004225   Thumb Code    28  gpio.o(i.GPIOPinTypeUART)
    GPIOPinWrite                             0x00004241   Thumb Code     6  gpio.o(i.GPIOPinWrite)
    IntEnable                                0x00004249   Thumb Code    92  interrupt.o(i.IntEnable)
    IntMasterEnable                          0x000042ad   Thumb Code    14  interrupt.o(i.IntMasterEnable)
    SSIConfigSetExpClk                       0x000042bb   Thumb Code    74  ssi.o(i.SSIConfigSetExpClk)
    SSIDataGetNonBlocking                    0x00004305   Thumb Code    20  ssi.o(i.SSIDataGetNonBlocking)
    SSIDataPutNonBlocking                    0x00004319   Thumb Code    16  ssi.o(i.SSIDataPutNonBlocking)
    SSIEnable                                0x00004329   Thumb Code    10  ssi.o(i.SSIEnable)
    SysCtlClockGet                           0x00004335   Thumb Code   314  sysctl.o(i.SysCtlClockGet)
    SysCtlClockSet                           0x00004499   Thumb Code   270  sysctl.o(i.SysCtlClockSet)
    SysCtlPeripheralEnable                   0x000045b9   Thumb Code    36  sysctl.o(i.SysCtlPeripheralEnable)
    __scatterload_copy                       0x000045e1   Thumb Code    14  handlers.o(i.__scatterload_copy)
    __scatterload_null                       0x000045ef   Thumb Code     2  handlers.o(i.__scatterload_null)
    __scatterload_zeroinit                   0x000045f1   Thumb Code    14  handlers.o(i.__scatterload_zeroinit)
    _SlActionLookupTable                     0x0000505c   Data          56  driver.o(.rodata._SlActionLookupTable)
    _SlDeviceGetCmdCtrl                      0x00005094   Data           4  device.o(.rodata._SlDeviceGetCmdCtrl)
    _SlGetHostByNameCtrl                     0x00005098   Data           4  netapp.o(.rodata._SlGetHostByNameCtrl)
    _SlNetAppSendTokenValueCmdCtrl           0x0000509c   Data           4  netapp.o(.rodata._SlNetAppSendTokenValueCmdCtrl)
    _SlNetCfgSetCmdCtrl                      0x000050a0   Data           4  netcfg.o(.rodata._SlNetCfgSetCmdCtrl)
    _SlPolicySetCmdCtrl                      0x000050a4   Data           4  wlan.o(.rodata._SlPolicySetCmdCtrl)
    _SlProfileDelCmdCtrl                     0x000050a8   Data           4  wlan.o(.rodata._SlProfileDelCmdCtrl)
    _SlRecvCmdCtrl                           0x000050ac   Data           4  socket.o(.rodata._SlRecvCmdCtrl)
    _SlRegisterServiceCtrl                   0x000050b0   Data           4  netapp.o(.rodata._SlRegisterServiceCtrl)
    _SlSendCmdCtrl                           0x000050b4   Data           4  socket.o(.rodata._SlSendCmdCtrl)
    _SlSockCloseCmdCtrl                      0x000050b8   Data           4  socket.o(.rodata._SlSockCloseCmdCtrl)
    _SlSockSocketCmdCtrl                     0x000050bc   Data           4  socket.o(.rodata._SlSockSocketCmdCtrl)
    _SlStopCmdCtrl                           0x000050c0   Data           4  device.o(.rodata._SlStopCmdCtrl)
    _SlWlanCfgSetCmdCtrl                     0x000050c4   Data           4  wlan.o(.rodata._SlWlanCfgSetCmdCtrl)
    _SlWlanSetModeCmdCtrl                    0x000050c8   Data           4  wlan.o(.rodata._SlWlanSetModeCmdCtrl)
    g_H2NCnysPattern                         0x000050cc   Data           8  driver.o(.rodata.g_H2NCnysPattern)
    g_H2NSyncPattern                         0x000050d4   Data           8  driver.o(.rodata.g_H2NSyncPattern)
    Region$$Table$$Base                      0x000052b8   Number         0  anon$$obj.o(Region$$Table)
    Region$$Table$$Limit                     0x000052d8   Number         0  anon$$obj.o(Region$$Table)
    cityLong                                 0x20000000   Data           6  mainnokia5110.o(.data..L_MergedGlobals)
    cityQ                                    0x20000006   Data          25  mainnokia5110.o(.data..L_MergedGlobals)
    cityId                                   0x2000001f   Data          26  mainnokia5110.o(.data..L_MergedGlobals)
    cityZip                                  0x20000039   Data          27  mainnokia5110.o(.data..L_MergedGlobals)
    cityLat                                  0x20000054   Data          27  mainnokia5110.o(.data..L_MergedGlobals)
    StTextColor                              0x20000070   Data           2  st7735.o(.data.StTextColor)
    requestEnd                               0x20000072   Data         128  mainnokia5110.o(.data.requestEnd)
    StX                                      0x2000011c   Data           4  st7735.o(.bss..L_MergedGlobals)
    StY                                      0x20000120   Data           4  st7735.o(.bss..L_MergedGlobals)
    Messageindex                             0x20000124   Data           4  st7735.o(.bss..L_MergedGlobals)
    Ymax                                     0x20000128   Data           4  st7735.o(.bss..L_MergedGlobals)
    Ymin                                     0x2000012c   Data           4  st7735.o(.bss..L_MergedGlobals)
    Yrange                                   0x20000130   Data           4  st7735.o(.bss..L_MergedGlobals)
    X                                        0x20000134   Data           4  st7735.o(.bss..L_MergedGlobals)
    lastj                                    0x20000138   Data           4  st7735.o(.bss..L_MergedGlobals)
    Message                                  0x2000013c   Data          12  st7735.o(.bss..L_MergedGlobals)
    g_Status                                 0x20000148   Data           4  mainnokia5110.o(.bss..L_MergedGlobals.52)
    City                                     0x2000014c   Data         100  mainnokia5110.o(.bss..L_MergedGlobals.52)
    Humidity                                 0x200001b0   Data         100  mainnokia5110.o(.bss.Humidity)
    Temperature                              0x20000214   Data         100  mainnokia5110.o(.bss.Temperature)
    Weather                                  0x20000278   Data         100  mainnokia5110.o(.bss.Weather)
    appData                                  0x200002dc   Data        1584  mainnokia5110.o(.bss.appData)
    choice                                   0x2000090c   Data         200  mainnokia5110.o(.bss.choice)
    cityInput                                0x200009d4   Data         200  mainnokia5110.o(.bss.cityInput)
    g_StatMem                                0x20000a9c   Data         356  driver.o(.bss.g_StatMem)
    g__SlNonOsCB                             0x20000c00   Data          40  nonos.o(.bss.g__SlNonOsCB)
    g_pCB                                    0x20000c28   Data           4  driver.o(.bss.g_pCB)
    pIrqEventHandler                         0x200010ac   Data           4  board.o(.bss.pIrqEventHandler)
    pPingCallBackFunc                        0x200010b0   Data           4  driver.o(.bss.pPingCallBackFunc)
    sendRequest                              0x200010b4   Data         200  mainnokia5110.o(.bss.sendRequest)
    tempMax                                  0x2000117c   Data         100  mainnokia5110.o(.bss.tempMax)
    tempMin                                  0x200011e0   Data         100  mainnokia5110.o(.bss.tempMin)
    __initial_sp                             0x20005248   Data           0  startup_rvmdk.o(STACK)



==============================================================================

Memory Map of the image

  Image Entry point : 0x0000026d

  Load Region LR_IROM (Base: 0x00000000, Size: 0x000053d0, Max: 0x00040000, ABSOLUTE)

    Execution Region ER_IROM (Exec base: 0x00000000, Load base: 0x00000000, Size: 0x000052d8, Max: 0x00040000, ABSOLUTE)

    Exec Addr    Load Addr    Size         Type   Attr      Idx    E Section Name        Object

    0x00000000   0x00000000   0x00000288   Code   RO          475  * RESET               startup_rvmdk.o
    0x00000288   0x00000288   0x00000000   Code   RO         2134  * .ARM.Collect$$$$00000000  mc_w.l(entry.o)
    0x00000288   0x00000288   0x00000004   Code   RO         2151    .ARM.Collect$$$$00000001  mc_w.l(entry2.o)
    0x0000028c   0x0000028c   0x00000004   Code   RO         2154    .ARM.Collect$$$$00000004  mc_w.l(entry5.o)
    0x00000290   0x00000290   0x00000000   Code   RO         2156    .ARM.Collect$$$$00000008  mc_w.l(entry7b.o)
    0x00000290   0x00000290   0x00000000   Code   RO         2158    .ARM.Collect$$$$0000000A  mc_w.l(entry8b.o)
    0x00000290   0x00000290   0x00000008   Code   RO         2159    .ARM.Collect$$$$0000000B  mc_w.l(entry9a.o)
    0x00000298   0x00000298   0x00000000   Code   RO         2161    .ARM.Collect$$$$0000000D  mc_w.l(entry10a.o)
    0x00000298   0x00000298   0x00000000   Code   RO         2163    .ARM.Collect$$$$0000000F  mc_w.l(entry11a.o)
    0x00000298   0x00000298   0x00000004   Code   RO         2152    .ARM.Collect$$$$00002712  mc_w.l(entry2.o)
    0x0000029c   0x0000029c   0x00000006   Code   RO         1493    .emb_text           driverlib.lib(sysctl.o)
    0x000002a2   0x000002a2   0x00000002   PAD
    0x000002a4   0x000002a4   0x00000026   Code   RO         2124    .emb_text           driverlib.lib(cpu.o)
    0x000002ca   0x000002ca   0x00000024   Code   RO         2137    .text               mc_w.l(memcpya.o)
    0x000002ee   0x000002ee   0x00000024   Code   RO         2139    .text               mc_w.l(memseta.o)
    0x00000312   0x00000312   0x00000018   Code   RO         2141    .text               mc_w.l(strcat.o)
    0x0000032a   0x0000032a   0x00000024   Code   RO         2143    .text               mc_w.l(strstr.o)
    0x0000034e   0x0000034e   0x0000000e   Code   RO         2145    .text               mc_w.l(strlen.o)
    0x0000035c   0x0000035c   0x00000012   Code   RO         2147    .text               mc_w.l(strcpy.o)
    0x0000036e   0x0000036e   0x00000002   PAD
    0x00000370   0x00000370   0x00000024   Code   RO         2165    .text               mc_w.l(init.o)
    0x00000394   0x00000394   0x00000018   Code   RO           76    .text.Board_Input   led.o
    0x000003ac   0x000003ac   0x00000008   Code   RO           14    .text.CC3100_InterruptDisable  board.o
    0x000003b4   0x000003b4   0x00000008   Code   RO           12    .text.CC3100_InterruptEnable  board.o
    0x000003bc   0x000003bc   0x0000000c   Code   RO            8    .text.CC3100_disable  board.o
    0x000003c8   0x000003c8   0x00000010   Code   RO           10    .text.CC3100_enable  board.o
    0x000003d8   0x000003d8   0x00000006   Code   RO          648    .text.Crash         mainnokia5110.o
    0x000003de   0x000003de   0x0000001e   Code   RO          713    .text.Delay1ms      st7735.o
    0x000003fc   0x000003fc   0x0000001e   Code   RO          650    .text.DelayWait10ms  mainnokia5110.o
    0x0000041a   0x0000041a   0x00000002   PAD
    0x0000041c   0x0000041c   0x00000034   Code   RO           22    .text.GPIOB_intHandler  board.o
    0x00000450   0x00000450   0x00000044   Code   RO          101    .text.GetStartResponseConvert  device.o
    0x00000494   0x00000494   0x00000048   Code   RO          634    .text.LCD_Init      mainnokia5110.o
    0x000004dc   0x000004dc   0x00000012   Code   RO          632    .text.LCD_OutString  mainnokia5110.o
    0x000004ee   0x000004ee   0x00000002   PAD
    0x000004f0   0x000004f0   0x00000008   Code   RO           90    .text.LED_GreenOff  led.o
    0x000004f8   0x000004f8   0x0000000c   Code   RO           88    .text.LED_GreenOn   led.o
    0x00000504   0x00000504   0x0000004c   Code   RO           74    .text.LED_Init      led.o
    0x00000550   0x00000550   0x00000010   Code   RO           82    .text.LED_RedToggle  led.o
    0x00000560   0x00000560   0x00000028   Code   RO          121    .text.OUTLINED_FUNCTION_0  device.o
    0x00000588   0x00000588   0x00000006   Code   RO          186    .text.OUTLINED_FUNCTION_0  driver.o
    0x0000058e   0x0000058e   0x00000014   Code   RO          324    .text.OUTLINED_FUNCTION_0  netapp.o
    0x000005a2   0x000005a2   0x0000000e   Code   RO          427    .text.OUTLINED_FUNCTION_0  socket.o
    0x000005b0   0x000005b0   0x00000008   Code   RO          464    .text.OUTLINED_FUNCTION_0  spi.o
    0x000005b8   0x000005b8   0x00000006   Code   RO          521    .text.OUTLINED_FUNCTION_0  wlan.o
    0x000005be   0x000005be   0x0000000e   Code   RO          573    .text.OUTLINED_FUNCTION_0  uartstdio.o
    0x000005cc   0x000005cc   0x00000008   Code   RO          668    .text.OUTLINED_FUNCTION_0  mainnokia5110.o
    0x000005d4   0x000005d4   0x00000010   Code   RO          123    .text.OUTLINED_FUNCTION_1  device.o
    0x000005e4   0x000005e4   0x0000001c   Code   RO          188    .text.OUTLINED_FUNCTION_1  driver.o
    0x00000600   0x00000600   0x0000000e   Code   RO          326    .text.OUTLINED_FUNCTION_1  netapp.o
    0x0000060e   0x0000060e   0x00000016   Code   RO          429    .text.OUTLINED_FUNCTION_1  socket.o
    0x00000624   0x00000624   0x00000006   Code   RO          670    .text.OUTLINED_FUNCTION_1  mainnokia5110.o
    0x0000062a   0x0000062a   0x0000000e   Code   RO          809    .text.OUTLINED_FUNCTION_1  st7735.o
    0x00000638   0x00000638   0x0000000e   Code   RO          206    .text.OUTLINED_FUNCTION_10  driver.o
    0x00000646   0x00000646   0x0000000a   Code   RO          688    .text.OUTLINED_FUNCTION_10  mainnokia5110.o
    0x00000650   0x00000650   0x0000000c   Code   RO          208    .text.OUTLINED_FUNCTION_11  driver.o
    0x0000065c   0x0000065c   0x00000006   Code   RO          210    .text.OUTLINED_FUNCTION_12  driver.o
    0x00000662   0x00000662   0x0000000c   Code   RO          212    .text.OUTLINED_FUNCTION_13  driver.o
    0x0000066e   0x0000066e   0x00000008   Code   RO          214    .text.OUTLINED_FUNCTION_14  driver.o
    0x00000676   0x00000676   0x0000000c   Code   RO          216    .text.OUTLINED_FUNCTION_15  driver.o
    0x00000682   0x00000682   0x0000000c   Code   RO          218    .text.OUTLINED_FUNCTION_16  driver.o
    0x0000068e   0x0000068e   0x0000000e   Code   RO          220    .text.OUTLINED_FUNCTION_17  driver.o
    0x0000069c   0x0000069c   0x0000000e   Code   RO          222    .text.OUTLINED_FUNCTION_18  driver.o
    0x000006aa   0x000006aa   0x0000000a   Code   RO          224    .text.OUTLINED_FUNCTION_19  driver.o
    0x000006b4   0x000006b4   0x00000010   Code   RO          125    .text.OUTLINED_FUNCTION_2  device.o
    0x000006c4   0x000006c4   0x00000008   Code   RO          190    .text.OUTLINED_FUNCTION_2  driver.o
    0x000006cc   0x000006cc   0x00000006   Code   RO          431    .text.OUTLINED_FUNCTION_2  socket.o
    0x000006d2   0x000006d2   0x00000008   Code   RO          672    .text.OUTLINED_FUNCTION_2  mainnokia5110.o
    0x000006da   0x000006da   0x0000000a   Code   RO          127    .text.OUTLINED_FUNCTION_3  device.o
    0x000006e4   0x000006e4   0x0000000c   Code   RO          192    .text.OUTLINED_FUNCTION_3  driver.o
    0x000006f0   0x000006f0   0x0000000a   Code   RO          433    .text.OUTLINED_FUNCTION_3  socket.o
    0x000006fa   0x000006fa   0x00000008   Code   RO          674    .text.OUTLINED_FUNCTION_3  mainnokia5110.o
    0x00000702   0x00000702   0x00000018   Code   RO          194    .text.OUTLINED_FUNCTION_4  driver.o
    0x0000071a   0x0000071a   0x0000000a   Code   RO          435    .text.OUTLINED_FUNCTION_4  socket.o
    0x00000724   0x00000724   0x00000008   Code   RO          676    .text.OUTLINED_FUNCTION_4  mainnokia5110.o
    0x0000072c   0x0000072c   0x0000000a   Code   RO          815    .text.OUTLINED_FUNCTION_4  st7735.o
    0x00000736   0x00000736   0x00000016   Code   RO          196    .text.OUTLINED_FUNCTION_5  driver.o
    0x0000074c   0x0000074c   0x0000000c   Code   RO          678    .text.OUTLINED_FUNCTION_5  mainnokia5110.o
    0x00000758   0x00000758   0x00000016   Code   RO          198    .text.OUTLINED_FUNCTION_6  driver.o
    0x0000076e   0x0000076e   0x00000006   Code   RO          680    .text.OUTLINED_FUNCTION_6  mainnokia5110.o
    0x00000774   0x00000774   0x00000010   Code   RO          200    .text.OUTLINED_FUNCTION_7  driver.o
    0x00000784   0x00000784   0x0000000a   Code   RO          682    .text.OUTLINED_FUNCTION_7  mainnokia5110.o
    0x0000078e   0x0000078e   0x0000000a   Code   RO          202    .text.OUTLINED_FUNCTION_8  driver.o
    0x00000798   0x00000798   0x00000006   Code   RO          684    .text.OUTLINED_FUNCTION_8  mainnokia5110.o
    0x0000079e   0x0000079e   0x0000000a   Code   RO          204    .text.OUTLINED_FUNCTION_9  driver.o
    0x000007a8   0x000007a8   0x0000000a   Code   RO          686    .text.OUTLINED_FUNCTION_9  mainnokia5110.o
    0x000007b2   0x000007b2   0x00000002   PAD
    0x000007b4   0x000007b4   0x000000e0   Code   RO          755    .text.ST7735_DrawCharS  st7735.o
    0x00000894   0x00000894   0x00000058   Code   RO          741    .text.ST7735_DrawFastVLine  st7735.o
    0x000008ec   0x000008ec   0x0000009e   Code   RO          743    .text.ST7735_DrawLine  st7735.o
    0x0000098a   0x0000098a   0x00000002   PAD
    0x0000098c   0x0000098c   0x00000048   Code   RO          731    .text.ST7735_DrawPixel  st7735.o
    0x000009d4   0x000009d4   0x0000004c   Code   RO          759    .text.ST7735_DrawString  st7735.o
    0x00000a20   0x00000a20   0x000000c0   Code   RO          739    .text.ST7735_FillCircle  st7735.o
    0x00000ae0   0x00000ae0   0x0000007c   Code   RO          747    .text.ST7735_FillRect  st7735.o
    0x00000b5c   0x00000b5c   0x00000028   Code   RO          721    .text.ST7735_FillScreen  st7735.o
    0x00000b84   0x00000b84   0x00000068   Code   RO          723    .text.ST7735_InitR  st7735.o
    0x00000bec   0x00000bec   0x000000a4   Code   RO          785    .text.ST7735_OutChar  st7735.o
    0x00000c90   0x00000c90   0x00000012   Code   RO          787    .text.ST7735_OutString  st7735.o
    0x00000ca2   0x00000ca2   0x00000002   PAD
    0x00000ca4   0x00000ca4   0x0000002c   Code   RO          642    .text.SimpleLinkHttpServerCallback  mainnokia5110.o
    0x00000cd0   0x00000cd0   0x0000003c   Code   RO          640    .text.SimpleLinkNetAppEventHandler  mainnokia5110.o
    0x00000d0c   0x00000d0c   0x000000b4   Code   RO          638    .text.SimpleLinkWlanEventHandler  mainnokia5110.o
    0x00000dc0   0x00000dc0   0x00000020   Code   RO          545    .text.UARTFlushRx   uartstdio.o
    0x00000de0   0x00000de0   0x00000030   Code   RO          547    .text.UARTFlushTx   uartstdio.o
    0x00000e10   0x00000e10   0x00000068   Code   RO          551    .text.UARTPrimeTransmit  uartstdio.o
    0x00000e78   0x00000e78   0x000000b8   Code   RO          543    .text.UARTStdioConfig  uartstdio.o
    0x00000f30   0x00000f30   0x00000124   Code   RO          571    .text.UARTStdioIntHandler  uartstdio.o
    0x00001054   0x00001054   0x0000005c   Code   RO          555    .text.UARTgets      uartstdio.o
    0x000010b0   0x000010b0   0x0000003e   Code   RO          636    .text.UARToutString  mainnokia5110.o
    0x000010ee   0x000010ee   0x00000018   Code   RO          561    .text.UARTprintf    uartstdio.o
    0x00001106   0x00001106   0x00000002   PAD
    0x00001108   0x00001108   0x000001d0   Code   RO          559    .text.UARTvprintf   uartstdio.o
    0x000012d8   0x000012d8   0x00000070   Code   RO          549    .text.UARTwrite     uartstdio.o
    0x00001348   0x00001348   0x00000054   Code   RO          666    .text.WlanConnect   mainnokia5110.o
    0x0000139c   0x0000139c   0x00000234   Code   RO          178    .text._SlAsyncEventGenericHandler  driver.o
    0x000015d0   0x000015d0   0x00000022   Code   RO          182    .text._SlDrvBasicCmd  driver.o
    0x000015f2   0x000015f2   0x00000002   PAD
    0x000015f4   0x000015f4   0x00000084   Code   RO          174    .text._SlDrvClassifyRxMsg  driver.o
    0x00001678   0x00001678   0x00000038   Code   RO          154    .text._SlDrvCmdOp   driver.o
    0x000016b0   0x000016b0   0x00000020   Code   RO          160    .text._SlDrvCmdSend  driver.o
    0x000016d0   0x000016d0   0x0000010c   Code   RO          162    .text._SlDrvDataReadOp  driver.o
    0x000017dc   0x000017dc   0x000000e8   Code   RO          168    .text._SlDrvDataWriteOp  driver.o
    0x000018c4   0x000018c4   0x0000001a   Code   RO          119    .text._SlDrvDeviceEventHandler  device.o
    0x000018de   0x000018de   0x00000002   PAD
    0x000018e0   0x000018e0   0x00000060   Code   RO          146    .text._SlDrvDriverCBDeinit  driver.o
    0x00001940   0x00001940   0x00000078   Code   RO          142    .text._SlDrvDriverCBInit  driver.o
    0x000019b8   0x000019b8   0x00000028   Code   RO          242    .text._SlDrvFlowContDeinit  flowcont.o
    0x000019e0   0x000019e0   0x0000002c   Code   RO          240    .text._SlDrvFlowContInit  flowcont.o
    0x00001a0c   0x00001a0c   0x0000030c   Code   RO          170    .text._SlDrvMsgRead  driver.o
    0x00001d18   0x00001d18   0x00000098   Code   RO          158    .text._SlDrvMsgReadCmdCtx  driver.o
    0x00001db0   0x00001db0   0x0000007c   Code   RO          152    .text._SlDrvMsgReadSpawnCtx  driver.o
    0x00001e2c   0x00001e2c   0x000000d4   Code   RO          156    .text._SlDrvMsgWrite  driver.o
    0x00001f00   0x00001f00   0x000000d0   Code   RO          322    .text._SlDrvNetAppEventHandler  netapp.o
    0x00001fd0   0x00001fd0   0x00000034   Code   RO          144    .text._SlDrvObjInit  driver.o
    0x00002004   0x00002004   0x000000e0   Code   RO          166    .text._SlDrvReleasePoolObj  driver.o
    0x000020e4   0x000020e4   0x00000124   Code   RO          172    .text._SlDrvRxHdrRead  driver.o
    0x00002208   0x00002208   0x00000038   Code   RO          150    .text._SlDrvRxIrqHandler  driver.o
    0x00002240   0x00002240   0x00000016   Code   RO          180    .text._SlDrvShiftDWord  driver.o
    0x00002256   0x00002256   0x00000002   PAD
    0x00002258   0x00002258   0x000000dc   Code   RO          164    .text._SlDrvWaitForPoolObj  driver.o
    0x00002334   0x00002334   0x00000098   Code   RO          176    .text._SlFindAndSetActiveObj  driver.o
    0x000023cc   0x000023cc   0x00000038   Code   RO          364    .text._SlNonOsMainLoopTask  nonos.o
    0x00002404   0x00002404   0x00000030   Code   RO          362    .text._SlNonOsSemGet  nonos.o
    0x00002434   0x00002434   0x00000006   Code   RO          360    .text._SlNonOsSemSet  nonos.o
    0x0000243a   0x0000243a   0x00000002   PAD
    0x0000243c   0x0000243c   0x00000028   Code   RO          366    .text._SlNonOsSpawn  nonos.o
    0x00002464   0x00002464   0x00000044   Code   RO          184    .text._SlRemoveFromList  driver.o
    0x000024a8   0x000024a8   0x00000026   Code   RO          377    .text._sl_BuildAddress  socket.o
    0x000024ce   0x000024ce   0x00000002   PAD
    0x000024d0   0x000024d0   0x00000048   Code   RO          407    .text._sl_HandleAsync_Accept  socket.o
    0x00002518   0x00002518   0x00000048   Code   RO          395    .text._sl_HandleAsync_Connect  socket.o
    0x00002560   0x00002560   0x0000005c   Code   RO          308    .text._sl_HandleAsync_DnsGetHostByName  netapp.o
    0x000025bc   0x000025bc   0x00000054   Code   RO          302    .text._sl_HandleAsync_DnsGetHostByService  netapp.o
    0x00002610   0x00002610   0x00000040   Code   RO          105    .text._sl_HandleAsync_InitComplete  device.o
    0x00002650   0x00002650   0x00000074   Code   RO          312    .text._sl_HandleAsync_PingResponse  netapp.o
    0x000026c4   0x000026c4   0x00000038   Code   RO          425    .text._sl_HandleAsync_Select  socket.o
    0x000026fc   0x000026fc   0x00000024   Code   RO          107    .text._sl_HandleAsync_Stop  device.o
    0x00002720   0x00002720   0x0000004c   Code   RO          379    .text._sl_TruncatePayloadByProtocol  socket.o
    0x0000276c   0x0000276c   0x0000004a   Code   RO          725    .text.commandList   st7735.o
    0x000027b6   0x000027b6   0x00000002   PAD
    0x000027b8   0x000027b8   0x00000128   Code   RO          717    .text.commonInit    st7735.o
    0x000028e0   0x000028e0   0x0000012c   Code   RO          660    .text.drawCloud     mainnokia5110.o
    0x00002a0c   0x00002a0c   0x000000c8   Code   RO          654    .text.drawRainDrop  mainnokia5110.o
    0x00002ad4   0x00002ad4   0x0000015c   Code   RO          658    .text.drawSun       mainnokia5110.o
    0x00002c30   0x00002c30   0x00000090   Code   RO          662    .text.drawingDesign  mainnokia5110.o
    0x00002cc0   0x00002cc0   0x00000018   Code   RO            2    .text.initClk       board.o
    0x00002cd8   0x00002cd8   0x0000064c   Code   RO          664    .text.main          mainnokia5110.o
    0x00003324   0x00003324   0x000000a8   Code   RO          652    .text.mainPromptOutput  mainnokia5110.o
    0x000033cc   0x000033cc   0x00000158   Code   RO          656    .text.makeItRain    mainnokia5110.o
    0x00003524   0x00003524   0x00000014   Code   RO          735    .text.pushColor     st7735.o
    0x00003538   0x00003538   0x0000000c   Code   RO            6    .text.registerInterruptHandler  board.o
    0x00003544   0x00003544   0x0000006c   Code   RO          733    .text.setAddrWindow  st7735.o
    0x000035b0   0x000035b0   0x0000001c   Code   RO          385    .text.sl_Close      socket.o
    0x000035cc   0x000035cc   0x000000dc   Code   RO          393    .text.sl_Connect    socket.o
    0x000036a8   0x000036a8   0x0000006c   Code   RO          115    .text.sl_DevGet     device.o
    0x00003714   0x00003714   0x00000004   Code   RO          403    .text.sl_Htonl      socket.o
    0x00003718   0x00003718   0x00000004   Code   RO          405    .text.sl_Htons      socket.o
    0x0000371c   0x0000371c   0x000000d8   Code   RO          306    .text.sl_NetAppDnsGetHostByName  netapp.o
    0x000037f4   0x000037f4   0x00000088   Code   RO          294    .text.sl_NetAppMDNSRegisterUnregisterService  netapp.o
    0x0000387c   0x0000387c   0x00000016   Code   RO          298    .text.sl_NetAppMDNSUnRegisterService  netapp.o
    0x00003892   0x00003892   0x00000002   PAD
    0x00003894   0x00003894   0x0000004c   Code   RO          318    .text.sl_NetAppSendTokenValue  netapp.o
    0x000038e0   0x000038e0   0x0000003c   Code   RO          346    .text.sl_NetCfgSet  netcfg.o
    0x0000391c   0x0000391c   0x00000040   Code   RO          409    .text.sl_Recv       socket.o
    0x0000395c   0x0000395c   0x000000a0   Code   RO          397    .text.sl_Send       socket.o
    0x000039fc   0x000039fc   0x00000030   Code   RO          383    .text.sl_Socket     socket.o
    0x00003a2c   0x00003a2c   0x000000a8   Code   RO          103    .text.sl_Start      device.o
    0x00003ad4   0x00003ad4   0x000000bc   Code   RO          109    .text.sl_Stop       device.o
    0x00003b90   0x00003b90   0x00000184   Code   RO          483    .text.sl_WlanConnect  wlan.o
    0x00003d14   0x00003d14   0x00000008   Code   RO          485    .text.sl_WlanDisconnect  wlan.o
    0x00003d1c   0x00003d1c   0x00000038   Code   RO          487    .text.sl_WlanPolicySet  wlan.o
    0x00003d54   0x00003d54   0x0000001c   Code   RO          495    .text.sl_WlanProfileDel  wlan.o
    0x00003d70   0x00003d70   0x0000003c   Code   RO          517    .text.sl_WlanSet    wlan.o
    0x00003dac   0x00003dac   0x0000001c   Code   RO          515    .text.sl_WlanSetMode  wlan.o
    0x00003dc8   0x00003dc8   0x0000000a   Code   RO          456    .text.spi_Close     spi.o
    0x00003dd2   0x00003dd2   0x00000002   PAD
    0x00003dd4   0x00003dd4   0x000000e0   Code   RO          458    .text.spi_Open      spi.o
    0x00003eb4   0x00003eb4   0x0000004c   Code   RO          462    .text.spi_Read      spi.o
    0x00003f00   0x00003f00   0x0000004c   Code   RO          460    .text.spi_Write     spi.o
    0x00003f4c   0x00003f4c   0x00000002   Code   RO            4    .text.stopWDT       board.o
    0x00003f4e   0x00003f4e   0x00000002   PAD
    0x00003f50   0x00003f50   0x00000018   Code   RO          727    .text.writecommand  st7735.o
    0x00003f68   0x00003f68   0x0000001c   Code   RO          729    .text.writedata     st7735.o
    0x00003f84   0x00003f84   0x00000010   Code   RO          836    i.FPUEnable         driverlib.lib(fpu.o)
    0x00003f94   0x00003f94   0x00000010   Code   RO          839    i.FPULazyStackingEnable  driverlib.lib(fpu.o)
    0x00003fa4   0x00003fa4   0x00000028   Code   RO          913    i.GPIODirModeSet    driverlib.lib(gpio.o)
    0x00003fcc   0x00003fcc   0x00000006   Code   RO          914    i.GPIOIntClear      driverlib.lib(gpio.o)
    0x00003fd2   0x00003fd2   0x0000000e   Code   RO          915    i.GPIOIntDisable    driverlib.lib(gpio.o)
    0x00003fe0   0x00003fe0   0x0000000e   Code   RO          916    i.GPIOIntEnable     driverlib.lib(gpio.o)
    0x00003fee   0x00003fee   0x0000000e   Code   RO          918    i.GPIOIntStatus     driverlib.lib(gpio.o)
    0x00003ffc   0x00003ffc   0x00000050   Code   RO          920    i.GPIOIntTypeSet    driverlib.lib(gpio.o)
    0x0000404c   0x0000404c   0x0000013a   Code   RO          923    i.GPIOPadConfigSet  driverlib.lib(gpio.o)
    0x00004186   0x00004186   0x00000002   PAD
    0x00004188   0x00004188   0x00000048   Code   RO          924    i.GPIOPinConfigure  driverlib.lib(gpio.o)
    0x000041d0   0x000041d0   0x0000001c   Code   RO          933    i.GPIOPinTypeGPIOInput  driverlib.lib(gpio.o)
    0x000041ec   0x000041ec   0x0000001c   Code   RO          934    i.GPIOPinTypeGPIOOutput  driverlib.lib(gpio.o)
    0x00004208   0x00004208   0x0000001c   Code   RO          947    i.GPIOPinTypeSSI    driverlib.lib(gpio.o)
    0x00004224   0x00004224   0x0000001c   Code   RO          949    i.GPIOPinTypeUART   driverlib.lib(gpio.o)
    0x00004240   0x00004240   0x00000006   Code   RO          955    i.GPIOPinWrite      driverlib.lib(gpio.o)
    0x00004246   0x00004246   0x00000002   PAD
    0x00004248   0x00004248   0x00000064   Code   RO         1229    i.IntEnable         driverlib.lib(interrupt.o)
    0x000042ac   0x000042ac   0x0000000e   Code   RO         1232    i.IntMasterEnable   driverlib.lib(interrupt.o)
    0x000042ba   0x000042ba   0x0000004a   Code   RO         1349    i.SSIConfigSetExpClk  driverlib.lib(ssi.o)
    0x00004304   0x00004304   0x00000014   Code   RO         1353    i.SSIDataGetNonBlocking  driverlib.lib(ssi.o)
    0x00004318   0x00004318   0x00000010   Code   RO         1355    i.SSIDataPutNonBlocking  driverlib.lib(ssi.o)
    0x00004328   0x00004328   0x0000000a   Code   RO         1357    i.SSIEnable         driverlib.lib(ssi.o)
    0x00004332   0x00004332   0x00000002   PAD
    0x00004334   0x00004334   0x00000164   Code   RO         1496    i.SysCtlClockGet    driverlib.lib(sysctl.o)
    0x00004498   0x00004498   0x00000120   Code   RO         1498    i.SysCtlClockSet    driverlib.lib(sysctl.o)
    0x000045b8   0x000045b8   0x00000028   Code   RO         1527    i.SysCtlPeripheralEnable  driverlib.lib(sysctl.o)
    0x000045e0   0x000045e0   0x0000000e   Code   RO         2169    i.__scatterload_copy  mc_w.l(handlers.o)
    0x000045ee   0x000045ee   0x00000002   Code   RO         2170    i.__scatterload_null  mc_w.l(handlers.o)
    0x000045f0   0x000045f0   0x0000000e   Code   RO         2171    i.__scatterload_zeroinit  mc_w.l(handlers.o)
    0x000045fe   0x000045fe   0x00000002   PAD
    0x00004600   0x00004600   0x00000210   Data   RO          956    .constdata          driverlib.lib(gpio.o)
    0x00004810   0x00004810   0x0000010c   Data   RO         1245    .constdata          driverlib.lib(interrupt.o)
    0x0000491c   0x0000491c   0x000001c4   Data   RO         1548    .constdata          driverlib.lib(sysctl.o)
    0x00004ae0   0x00004ae0   0x000004fb   Data   RO          825    .rodata.Font        st7735.o
    0x00004fdb   0x00004fdb   0x0000003b   Data   RO          821    .rodata.Rcmd1       st7735.o
    0x00005016   0x00005016   0x0000000d   Data   RO          822    .rodata.Rcmd2green  st7735.o
    0x00005023   0x00005023   0x0000000d   Data   RO          823    .rodata.Rcmd2red    st7735.o
    0x00005030   0x00005030   0x0000002b   Data   RO          824    .rodata.Rcmd3       st7735.o
    0x0000505b   0x0000505b   0x00000001   PAD
    0x0000505c   0x0000505c   0x00000038   Data   RO          230    .rodata._SlActionLookupTable  driver.o
    0x00005094   0x00005094   0x00000004   Data   RO          132    .rodata._SlDeviceGetCmdCtrl  device.o
    0x00005098   0x00005098   0x00000004   Data   RO          333    .rodata._SlGetHostByNameCtrl  netapp.o
    0x0000509c   0x0000509c   0x00000004   Data   RO          335    .rodata._SlNetAppSendTokenValueCmdCtrl  netapp.o
    0x000050a0   0x000050a0   0x00000004   Data   RO          350    .rodata._SlNetCfgSetCmdCtrl  netcfg.o
    0x000050a4   0x000050a4   0x00000004   Data   RO          523    .rodata._SlPolicySetCmdCtrl  wlan.o
    0x000050a8   0x000050a8   0x00000004   Data   RO          526    .rodata._SlProfileDelCmdCtrl  wlan.o
    0x000050ac   0x000050ac   0x00000004   Data   RO          443    .rodata._SlRecvCmdCtrl  socket.o
    0x000050b0   0x000050b0   0x00000004   Data   RO          331    .rodata._SlRegisterServiceCtrl  netapp.o
    0x000050b4   0x000050b4   0x00000004   Data   RO          440    .rodata._SlSendCmdCtrl  socket.o
    0x000050b8   0x000050b8   0x00000004   Data   RO          438    .rodata._SlSockCloseCmdCtrl  socket.o
    0x000050bc   0x000050bc   0x00000004   Data   RO          437    .rodata._SlSockSocketCmdCtrl  socket.o
    0x000050c0   0x000050c0   0x00000004   Data   RO          129    .rodata._SlStopCmdCtrl  device.o
    0x000050c4   0x000050c4   0x00000004   Data   RO          533    .rodata._SlWlanCfgSetCmdCtrl  wlan.o
    0x000050c8   0x000050c8   0x00000004   Data   RO          532    .rodata._SlWlanSetModeCmdCtrl  wlan.o
    0x000050cc   0x000050cc   0x00000008   Data   RO          229    .rodata.g_H2NCnysPattern  driver.o
    0x000050d4   0x000050d4   0x00000008   Data   RO          228    .rodata.g_H2NSyncPattern  driver.o
    0x000050dc   0x000050dc   0x0000000c   Data   RO          575    .rodata.g_ui32UARTInt  uartstdio.o
    0x000050e8   0x000050e8   0x000001b6   Data   RO          694    .rodata.str1.1      mainnokia5110.o
    0x0000529e   0x0000529e   0x00000002   PAD
    0x000052a0   0x000052a0   0x00000017   Data   RO          701    .rodata.str1.4      mainnokia5110.o
    0x000052b7   0x000052b7   0x00000001   PAD
    0x000052b8   0x000052b8   0x00000020   Data   RO         2168    Region$$Table       anon$$obj.o


    Execution Region RW_IRAM (Exec base: 0x20000000, Load base: 0x000052d8, Size: 0x00005248, Max: 0x00008000, ABSOLUTE)

    Exec Addr    Load Addr    Size         Type   Attr      Idx    E Section Name        Object

    0x20000000   0x000052d8   0x0000006f   Data   RW          703    .data..L_MergedGlobals  mainnokia5110.o
    0x2000006f   0x00005347   0x00000001   PAD
    0x20000070   0x00005348   0x00000002   Data   RW          819    .data.StTextColor   st7735.o
    0x20000072   0x0000534a   0x00000080   Data   RW          690    .data.requestEnd    mainnokia5110.o
    0x200000f2   0x000053ca   0x00000006   PAD
    0x200000f8        -       0x0000001c   Zero   RW          578    .bss..L_MergedGlobals  uartstdio.o
    0x20000114        -       0x00000034   Zero   RW          827    .bss..L_MergedGlobals  st7735.o
    0x20000148        -       0x00000068   Zero   RW          704    .bss..L_MergedGlobals.52  mainnokia5110.o
    0x200001b0        -       0x00000064   Zero   RW          698    .bss.Humidity       mainnokia5110.o
    0x20000214        -       0x00000064   Zero   RW          700    .bss.Temperature    mainnokia5110.o
    0x20000278        -       0x00000064   Zero   RW          699    .bss.Weather        mainnokia5110.o
    0x200002dc        -       0x00000630   Zero   RW          695    .bss.appData        mainnokia5110.o
    0x2000090c        -       0x000000c8   Zero   RW          692    .bss.choice         mainnokia5110.o
    0x200009d4        -       0x000000c8   Zero   RW          693    .bss.cityInput      mainnokia5110.o
    0x20000a9c        -       0x00000164   Zero   RW          231    .bss.g_StatMem      driver.o
    0x20000c00        -       0x00000028   Zero   RW          368    .bss.g__SlNonOsCB   nonos.o
    0x20000c28        -       0x00000004   Zero   RW          226    .bss.g_pCB          driver.o
    0x20000c2c        -       0x00000080   Zero   RW          577    .bss.g_pcUARTRxBuffer  uartstdio.o
    0x20000cac        -       0x00000400   Zero   RW          576    .bss.g_pcUARTTxBuffer  uartstdio.o
    0x200010ac        -       0x00000004   Zero   RW           26    .bss.pIrqEventHandler  board.o
    0x200010b0        -       0x00000004   Zero   RW          227    .bss.pPingCallBackFunc  driver.o
    0x200010b4        -       0x000000c8   Zero   RW          691    .bss.sendRequest    mainnokia5110.o
    0x2000117c        -       0x00000064   Zero   RW          697    .bss.tempMax        mainnokia5110.o
    0x200011e0        -       0x00000064   Zero   RW          696    .bss.tempMin        mainnokia5110.o
    0x20001244   0x000053ca   0x00000004   PAD
    0x20001248        -       0x00004000   Zero   RW          473    STACK               startup_rvmdk.o


==============================================================================

Image component sizes


      Code (inc. data)   RO Data    RW Data    ZI Data      Debug   Object Name

       134         20          0          0          4       2572   board.o
       740         36          8          0          0       8117   device.o
      4160         98         72          0        364      23495   driver.o
        84          4          0          0          0       1008   flowcont.o
       136         28          0          0          0       1273   led.o
      3764        732        461        239       2788      15558   mainnokia5110.o
       984         32         12          0          0      16434   netapp.o
        60          4          4          0          0       2562   netcfg.o
       150          4          0          0         40       2206   nonos.o
       904         64         16          0          0      17183   socket.o
       394         32          0          0          0       1935   spi.o
      1864        132       1403          2         52      17393   st7735.o
       648        622          0          0      16384        320   startup_rvmdk.o
      1366        122         12          0       1180       9021   uartstdio.o
       574         20         16          0          0      16851   wlan.o

    ----------------------------------------------------------------------
     15992       1950       2040        244      20820     135928   Object Totals
         0          0         32          0          0          0   (incl. Generated)
        30          0          4          3          8          0   (incl. Padding)

    ----------------------------------------------------------------------

      Code (inc. data)   RO Data    RW Data    ZI Data      Debug   Library Member Name

        38          0          0          0          0        504   cpu.o
        32          8          0          0          0       4992   fpu.o
       672          8        528          0          0       7285   gpio.o
       114          8        268          0          0       1774   interrupt.o
       120          0          0          0          0       2749   ssi.o
       690         64        452          0          0       3951   sysctl.o
         0          0          0          0          0          0   entry.o
         0          0          0          0          0          0   entry10a.o
         0          0          0          0          0          0   entry11a.o
         8          4          0          0          0          0   entry2.o
         4          0          0          0          0          0   entry5.o
         0          0          0          0          0          0   entry7b.o
         0          0          0          0          0          0   entry8b.o
         8          4          0          0          0          0   entry9a.o
        30          0          0          0          0          0   handlers.o
        36          8          0          0          0         68   init.o
        36          0          0          0          0         68   memcpya.o
        36          0          0          0          0        108   memseta.o
        24          0          0          0          0         68   strcat.o
        18          0          0          0          0         68   strcpy.o
        14          0          0          0          0         68   strlen.o
        36          0          0          0          0         80   strstr.o

    ----------------------------------------------------------------------
      1928        104       1248          0          0      21783   Library Totals
        12          0          0          0          0          0   (incl. Padding)

    ----------------------------------------------------------------------

      Code (inc. data)   RO Data    RW Data    ZI Data      Debug   Library Name

      1666         88       1248          0          0      21255   driverlib.lib
       250         16          0          0          0        528   mc_w.l

    ----------------------------------------------------------------------
      1928        104       1248          0          0      21783   Library Totals

    ----------------------------------------------------------------------

==============================================================================


      Code (inc. data)   RO Data    RW Data    ZI Data      Debug   

     17920       2054       3288        244      20820     155447   Grand Totals
     17920       2054       3288        244      20820     155447   ELF Image Totals
     17920       2054       3288        244          0          0   ROM Totals

==============================================================================

    Total RO  Size (Code + RO Data)                21208 (  20.71kB)
    Total RW  Size (RW Data + ZI Data)             21064 (  20.57kB)
    Total ROM Size (Code + RO Data + RW Data)      21452 (  20.95kB)

==============================================================================

